Archive member included because of file (symbol)

/usr/local/avr/lib/gcc/avr/4.6.2/../../../../avr/lib/avr6/libm.a(addsf3.o)
                              build/ramps13-2560/RAMPS/Motherboard/Command.o (__subsf3)
/usr/local/avr/lib/gcc/avr/4.6.2/../../../../avr/lib/avr6/libm.a(addsf3x.o)
                              /usr/local/avr/lib/gcc/avr/4.6.2/../../../../avr/lib/avr6/libm.a(addsf3.o) (__addsf3x)
/usr/local/avr/lib/gcc/avr/4.6.2/../../../../avr/lib/avr6/libm.a(ceil.o)
                              build/ramps13-2560/RAMPS/Motherboard/StepperAccel.o (ceil)
/usr/local/avr/lib/gcc/avr/4.6.2/../../../../avr/lib/avr6/libm.a(cmpsf2.o)
                              build/ramps13-2560/RAMPS/Motherboard/Steppers.o (__eqsf2)
/usr/local/avr/lib/gcc/avr/4.6.2/../../../../avr/lib/avr6/libm.a(divsf3.o)
                              build/ramps13-2560/RAMPS/Motherboard/Command.o (__divsf3)
/usr/local/avr/lib/gcc/avr/4.6.2/../../../../avr/lib/avr6/libm.a(divsf3x.o)
                              /usr/local/avr/lib/gcc/avr/4.6.2/../../../../avr/lib/avr6/libm.a(divsf3.o) (__divsf3x)
/usr/local/avr/lib/gcc/avr/4.6.2/../../../../avr/lib/avr6/libm.a(fixsfdi.o)
                              build/ramps13-2560/RAMPS/Motherboard/StepperAxis.o (__fixsfdi)
/usr/local/avr/lib/gcc/avr/4.6.2/../../../../avr/lib/avr6/libm.a(fixsfsi.o)
                              build/ramps13-2560/RAMPS/Motherboard/Command.o (__fixsfsi)
/usr/local/avr/lib/gcc/avr/4.6.2/../../../../avr/lib/avr6/libm.a(fixunssfsi.o)
                              build/ramps13-2560/RAMPS/Motherboard/StepperAccel.o (__fixunssfsi)
/usr/local/avr/lib/gcc/avr/4.6.2/../../../../avr/lib/avr6/libm.a(floatsisf.o)
                              build/ramps13-2560/RAMPS/Motherboard/Command.o (__floatunsisf)
/usr/local/avr/lib/gcc/avr/4.6.2/../../../../avr/lib/avr6/libm.a(fp_cmp.o)
                              /usr/local/avr/lib/gcc/avr/4.6.2/../../../../avr/lib/avr6/libm.a(cmpsf2.o) (__fp_cmp)
/usr/local/avr/lib/gcc/avr/4.6.2/../../../../avr/lib/avr6/libm.a(fp_inf.o)
                              /usr/local/avr/lib/gcc/avr/4.6.2/../../../../avr/lib/avr6/libm.a(addsf3x.o) (__fp_inf)
/usr/local/avr/lib/gcc/avr/4.6.2/../../../../avr/lib/avr6/libm.a(fp_mintl.o)
                              /usr/local/avr/lib/gcc/avr/4.6.2/../../../../avr/lib/avr6/libm.a(ceil.o) (__fp_mintl)
/usr/local/avr/lib/gcc/avr/4.6.2/../../../../avr/lib/avr6/libm.a(fp_mpack.o)
                              /usr/local/avr/lib/gcc/avr/4.6.2/../../../../avr/lib/avr6/libm.a(ceil.o) (__fp_mpack)
/usr/local/avr/lib/gcc/avr/4.6.2/../../../../avr/lib/avr6/libm.a(fp_nan.o)
                              /usr/local/avr/lib/gcc/avr/4.6.2/../../../../avr/lib/avr6/libm.a(addsf3x.o) (__fp_nan)
/usr/local/avr/lib/gcc/avr/4.6.2/../../../../avr/lib/avr6/libm.a(fp_negdi.o)
                              /usr/local/avr/lib/gcc/avr/4.6.2/../../../../avr/lib/avr6/libm.a(fixsfdi.o) (__fp_negdi)
/usr/local/avr/lib/gcc/avr/4.6.2/../../../../avr/lib/avr6/libm.a(fp_pscA.o)
                              /usr/local/avr/lib/gcc/avr/4.6.2/../../../../avr/lib/avr6/libm.a(addsf3x.o) (__fp_pscA)
/usr/local/avr/lib/gcc/avr/4.6.2/../../../../avr/lib/avr6/libm.a(fp_pscB.o)
                              /usr/local/avr/lib/gcc/avr/4.6.2/../../../../avr/lib/avr6/libm.a(addsf3x.o) (__fp_pscB)
/usr/local/avr/lib/gcc/avr/4.6.2/../../../../avr/lib/avr6/libm.a(fp_round.o)
                              /usr/local/avr/lib/gcc/avr/4.6.2/../../../../avr/lib/avr6/libm.a(addsf3.o) (__fp_round)
/usr/local/avr/lib/gcc/avr/4.6.2/../../../../avr/lib/avr6/libm.a(fp_split3.o)
                              /usr/local/avr/lib/gcc/avr/4.6.2/../../../../avr/lib/avr6/libm.a(addsf3x.o) (__fp_split3)
/usr/local/avr/lib/gcc/avr/4.6.2/../../../../avr/lib/avr6/libm.a(fp_trunc.o)
                              /usr/local/avr/lib/gcc/avr/4.6.2/../../../../avr/lib/avr6/libm.a(ceil.o) (__fp_trunc)
/usr/local/avr/lib/gcc/avr/4.6.2/../../../../avr/lib/avr6/libm.a(fp_zero.o)
                              /usr/local/avr/lib/gcc/avr/4.6.2/../../../../avr/lib/avr6/libm.a(addsf3x.o) (__fp_zero)
/usr/local/avr/lib/gcc/avr/4.6.2/../../../../avr/lib/avr6/libm.a(gesf2.o)
                              build/ramps13-2560/RAMPS/Motherboard/StepperAccel.o (__gtsf2)
/usr/local/avr/lib/gcc/avr/4.6.2/../../../../avr/lib/avr6/libm.a(mulsf3.o)
                              build/ramps13-2560/RAMPS/Motherboard/Command.o (__mulsf3)
/usr/local/avr/lib/gcc/avr/4.6.2/../../../../avr/lib/avr6/libm.a(mulsf3x.o)
                              /usr/local/avr/lib/gcc/avr/4.6.2/../../../../avr/lib/avr6/libm.a(mulsf3.o) (__mulsf3x)
/usr/local/avr/lib/gcc/avr/4.6.2/../../../../avr/lib/avr6/libm.a(sqrt.o)
                              build/ramps13-2560/RAMPS/Motherboard/Command.o (sqrt)
/usr/local/avr/lib/gcc/avr/4.6.2/../../../../avr/lib/avr6/libm.a(fp_norm2.o)
                              /usr/local/avr/lib/gcc/avr/4.6.2/../../../../avr/lib/avr6/libm.a(sqrt.o) (__fp_norm2)
[...]
Memory Configuration

Name             Origin             Length             Attributes
text             0x0000000000000000 0x0000000000100000 xr
data             0x0000000000800200 0x000000000000fe00 rw !x
eeprom           0x0000000000810000 0x0000000000010000 rw !x
fuse             0x0000000000820000 0x0000000000000400 rw !x
lock             0x0000000000830000 0x0000000000000400 rw !x
signature        0x0000000000840000 0x0000000000000400 rw !x
*default*        0x0000000000000000 0xffffffffffffffff

Linker script and memory map

Address of section .data set to 0x800200
LOAD /usr/local/avr/lib/gcc/avr/4.6.2/../../../../avr/lib/avr6/crtm2560.o
LOAD build/ramps13-2560/RAMPS/Motherboard/Command.o
LOAD build/ramps13-2560/RAMPS/Motherboard/DebugPacketProcessor.o
LOAD build/ramps13-2560/RAMPS/Motherboard/DigiPots.o
LOAD build/ramps13-2560/RAMPS/Motherboard/EepromMap.o
LOAD build/ramps13-2560/RAMPS/Motherboard/Host.o
LOAD build/ramps13-2560/RAMPS/Motherboard/Main.o
LOAD build/ramps13-2560/RAMPS/Motherboard/Motherboard.o
LOAD build/ramps13-2560/RAMPS/Motherboard/Piezo.o
LOAD build/ramps13-2560/RAMPS/Motherboard/Point.o
LOAD build/ramps13-2560/RAMPS/Motherboard/SDCard.o
LOAD build/ramps13-2560/RAMPS/Motherboard/SkewTilt.o
LOAD build/ramps13-2560/RAMPS/Motherboard/StepperAccel.o
LOAD build/ramps13-2560/RAMPS/Motherboard/StepperAccelPlanner.o
LOAD build/ramps13-2560/RAMPS/Motherboard/StepperAxis.o
LOAD build/ramps13-2560/RAMPS/Motherboard/Steppers.o
LOAD build/ramps13-2560/RAMPS/Motherboard/TWI.o
LOAD build/ramps13-2560/RAMPS/Motherboard/UtilityScripts.o
LOAD build/ramps13-2560/RAMPS/Motherboard/boards/ramps13/Cutoff.o
LOAD build/ramps13-2560/RAMPS/Motherboard/boards/ramps13/ExtruderBoard.o
LOAD build/ramps13-2560/RAMPS/Motherboard/boards/ramps13/RGB_LED.o
LOAD build/ramps13-2560/RAMPS/Motherboard/boards/ramps13/StandardButtonArray.o
LOAD build/ramps13-2560/RAMPS/Motherboard/lib_sd/byteordering.o
LOAD build/ramps13-2560/RAMPS/Motherboard/lib_sd/fat.o
LOAD build/ramps13-2560/RAMPS/Motherboard/lib_sd/partition.o
LOAD build/ramps13-2560/RAMPS/Motherboard/lib_sd/sd_crc.o
LOAD build/ramps13-2560/RAMPS/Motherboard/lib_sd/sd_raw.o
LOAD build/ramps13-2560/RAMPS/shared/AnalogPin.o
LOAD build/ramps13-2560/RAMPS/shared/AvrPort.o
LOAD build/ramps13-2560/RAMPS/shared/CoolingFan.o
LOAD build/ramps13-2560/RAMPS/shared/Eeprom.o
LOAD build/ramps13-2560/RAMPS/shared/Heater.o
LOAD build/ramps13-2560/RAMPS/shared/Interface.o
LOAD build/ramps13-2560/RAMPS/shared/InterfaceBoard.o
LOAD build/ramps13-2560/RAMPS/shared/LiquidCrystalSerial.o
LOAD build/ramps13-2560/RAMPS/shared/Menu.o
LOAD build/ramps13-2560/RAMPS/shared/PID.o
LOAD build/ramps13-2560/RAMPS/shared/Packet.o
LOAD build/ramps13-2560/RAMPS/shared/Pin.o
LOAD build/ramps13-2560/RAMPS/shared/StandardLiquidCrystalSerial.o
LOAD build/ramps13-2560/RAMPS/shared/TemperatureTable.o
LOAD build/ramps13-2560/RAMPS/shared/Thermistor.o
LOAD build/ramps13-2560/RAMPS/shared/Thermocouple.o
LOAD build/ramps13-2560/RAMPS/shared/Timeout.o
LOAD build/ramps13-2560/RAMPS/shared/UART.o
LOAD build/ramps13-2560/RAMPS/shared/VikiInterface.o
LOAD build/ramps13-2560/RAMPS/Motherboard/avrfix/avrfix.o
LOAD build/ramps13-2560/RAMPS/shared/locale/Menu.EN.o
LOAD /usr/local/avr/lib/gcc/avr/4.6.2/../../../../avr/lib/avr6/libm.a
LOAD /usr/local/avr/lib/gcc/avr/4.6.2/avr6/libgcc.a
LOAD /usr/local/avr/lib/gcc/avr/4.6.2/../../../../avr/lib/avr6/libc.a
LOAD /usr/local/avr/lib/gcc/avr/4.6.2/avr6/libgcc.a

.hash
 *(.hash)

.dynsym
 *(.dynsym)

.dynstr
 *(.dynstr)

.gnu.version
 *(.gnu.version)

.gnu.version_d
 *(.gnu.version_d)

.gnu.version_r
 *(.gnu.version_r)

.rel.init
 *(.rel.init)

.rela.init
 *(.rela.init)

.rel.text
 *(.rel.text)
 *(.rel.text.*)
 *(.rel.gnu.linkonce.t*)

.rela.text
 *(.rela.text)
 *(.rela.text.*)
 *(.rela.gnu.linkonce.t*)

.rel.fini
 *(.rel.fini)

.rela.fini
 *(.rela.fini)

.rel.rodata
 *(.rel.rodata)
 *(.rel.rodata.*)
 *(.rel.gnu.linkonce.r*)

.rela.rodata
 *(.rela.rodata)
 *(.rela.rodata.*)
 *(.rela.gnu.linkonce.r*)

.rel.data
 *(.rel.data)
 *(.rel.data.*)
 *(.rel.gnu.linkonce.d*)

.rela.data
 *(.rela.data)
 *(.rela.data.*)
 *(.rela.gnu.linkonce.d*)

.rel.ctors
 *(.rel.ctors)

.rela.ctors
 *(.rela.ctors)

.rel.dtors
 *(.rel.dtors)

.rela.dtors
 *(.rela.dtors)

.rel.got
 *(.rel.got)

.rela.got
 *(.rela.got)

.rel.bss
 *(.rel.bss)

.rela.bss
 *(.rela.bss)

.rel.plt
 *(.rel.plt)

.rela.plt
 *(.rela.plt)

.text           0x0000000000000000    0x1fbae
 *(.vectors)
 .vectors       0x0000000000000000       0xe4 /usr/local/avr/lib/gcc/avr/4.6.2/../../../../avr/lib/avr6/crtm2560.o
                0x0000000000000000                __vectors
                0x0000000000000000                __vector_default
 *(.vectors)
 *(.progmem.gcc*)
 .progmem.gcc_sw_table
                0x00000000000000e4       0x38 build/ramps13-2560/RAMPS/Motherboard/Host.o
                0x000000000000011c                . = ALIGN (0x2)
                0x000000000000011c                __trampolines_start = .
 *(.trampolines)
 .trampolines   0x000000000000011c      0x324 linker stubs
 *(.trampolines*)
                0x0000000000000440                __trampolines_end = .
 *(.progmem*)
 .progmem.data  0x0000000000000440       0x11 build/ramps13-2560/RAMPS/Motherboard/Command.o
 .progmem.data  0x0000000000000451        0xd build/ramps13-2560/RAMPS/Motherboard/Host.o
 .progmem.data  0x000000000000045e      0x144 build/ramps13-2560/RAMPS/Motherboard/Piezo.o
 .progmem.data  0x00000000000005a2      0x800 build/ramps13-2560/RAMPS/Motherboard/StepperAccel.o
 .progmem.data  0x0000000000000da2      0x22b build/ramps13-2560/RAMPS/Motherboard/UtilityScripts.o
 .progmem.data  0x0000000000000fcd      0x200 build/ramps13-2560/RAMPS/Motherboard/lib_sd/sd_crc.o
 .progmem.data  0x00000000000011cd      0x166 build/ramps13-2560/RAMPS/shared/Menu.o
 .progmem.data  0x0000000000001333       0xb4 build/ramps13-2560/RAMPS/shared/TemperatureTable.o
                0x0000000000001333                default_therm_table
 .progmem.data  0x00000000000013e7      0xd28 build/ramps13-2560/RAMPS/shared/locale/Menu.EN.o
                0x00000000000013e7                MON_ELAPSED_TIME_MSG
                0x00000000000013fc                MON_TIME_LEFT_SECS_MSG
                0x0000000000001402                MON_TIME_LEFT_MSG
                0x0000000000001417                MON_ZPOS_MSG
                0x000000000000142c                ALEVEL_ACTIVE_MSG
                0x0000000000001441                ALEVEL_INACTIVE_MSG
                0x0000000000001456                ALEVEL_INCOMPLETE_MSG
                0x000000000000147b                ALEVEL_COLINEAR_MSG
                0x00000000000014a0                ALEVEL_BADLEVEL_MSG
                0x00000000000014c7                ALEVEL_SCREEN_MSG2
                0x00000000000014da                ALEVEL_SCREEN_MSG1
                0x00000000000014ec                ALEVEL_UTILITY_MSG
                0x00000000000014ff                ALT_UART_1_MSG
                0x0000000000001505                ALT_UART_0_MSG
                0x000000000000150b                ALT_UART_MSG
                0x0000000000001516                ERROR_BOT_TYPE
                0x0000000000001564                ERROR_STREAM_VERSION
                0x00000000000015b5                EEPROM_ERASE_MSG
                0x00000000000015c2                EEPROM_RESTORE_MSG
                0x00000000000015cf                EEPROM_DUMP_MSG
                0x00000000000015dc                EEPROM_MSG
                0x00000000000015e3                BUILD_TIME2_MSG
                0x00000000000015f7                LAST_TIME_MSG
                0x000000000000160c                TOTAL_TIME_MSG
                0x0000000000001621                PAUSE_RESUMING_POSITION_MSG
                0x0000000000001636                PAUSE_CLEARING_BUILD_MSG
                0x000000000000164b                PAUSE_DRAINING_PIPELINE_MSG
                0x0000000000001660                PAUSE_LEAVE_MSG
                0x0000000000001675                CANCELLING_ENTER_MSG
                0x000000000000168a                PAUSE_ENTER_MSG
                0x000000000000169f                PRINTED_TOO_LONG_MSG
                0x00000000000016b4                PAUSE_AT_ZPOS_MSG
                0x00000000000016c4                PROFILE_PLATFORM_MSG
                0x00000000000016d6                PROFILE_LEFT_MSG
                0x00000000000016e2                PROFILE_RIGHT_MSG
                0x00000000000016ef                XYZOFFSET_MSG
                0x00000000000016f9                UPDNLM_MSG
                0x000000000000170d                UPDNLRM_MSG
                0x0000000000001720                PROFILE_PROFILE_NAME_MSG
                0x000000000000172e                PROFILE_SAVE_TO_PROFILE_MSG
                0x000000000000173e                PROFILE_CHANGE_NAME_MSG
                0x000000000000174a                PROFILE_DISPLAY_CONFIG_MSG
                0x0000000000001759                PROFILE_RESTORE_MSG
                0x0000000000001761                FILAMENT_RESET_TRIP_MSG
                0x0000000000001775                FILAMENT_TRIP2_MSG
                0x0000000000001780                FILAMENT_LIFETIME2_MSG
                0x000000000000178a                FILAMENT_TRIP1_MSG
                0x0000000000001790                FILAMENT_LIFETIME1_MSG
                0x0000000000001796                FILAMENT_ODOMETER_MSG
                0x00000000000017a8                HEATERS_OFF_MSG
                0x00000000000017b4                CANCEL_BUILD_MSG
                0x00000000000017c1                STATS_MSG
                0x00000000000017d2                BACK_TO_MONITOR_MSG
                0x00000000000017e2                LINE_NUMBER_MSG
                0x00000000000017f7                METERS_MSG
                0x00000000000017f9                MILLIMETERS_MSG
                0x00000000000017fc                HOME_OFFSETS_MSG
                0x0000000000001809                PROFILES_MSG
                0x0000000000001812                MON_FILAMENT_MSG
                0x0000000000001827                FILAMENT_MSG
                0x0000000000001831                Z_POSITION_MSG
                0x000000000000183c                BUILD_TIME_MSG
                0x0000000000001851                HEATER_FAIL_READ_MSG
                0x0000000000001887                HEATER_FAIL_NOT_PLUGGED_IN_MSG
                0x00000000000018bd                HEATER_FAIL_DROPPING_TEMP_MSG
                0x00000000000018df                HEATER_FAIL_NOT_HEATING_MSG
                0x0000000000001901                HEATER_FAIL_SOFTWARE_CUTOFF_MSG
                0x000000000000192a                HEATER_PLATFORM_MSG
                0x000000000000193f                HEATER_TOOL1_MSG
                0x0000000000001954                HEATER_TOOL0_MSG
                0x0000000000001969                HEATER_TOOL_MSG
                0x000000000000197e                HEATER_INACTIVITY_MSG
                0x00000000000019a0                EXTEMP_CHANGE_MSG
                0x00000000000019ef                WAITING_MSG
                0x00000000000019f8                NA_MSG
                0x0000000000001a01                ERROR_MSG
                0x0000000000001a08                CANNOT_PRINT_ANOTHER_MSG
                0x0000000000001a1c                PRINT_ANOTHER_MSG
                0x0000000000001a2f                RETURN_TO_MAIN_MSG
                0x0000000000001a39                FAN_OFF_MSG
                0x0000000000001a4d                FAN_ON_MSG
                0x0000000000001a61                CHANGE_TEMP_MSG
                0x0000000000001a74                CHANGE_SPEED_MSG
                0x0000000000001a81                PAUSEATZPOS_MSG
                0x0000000000001a8f                DITTO_PRINT_MSG
                0x0000000000001a9e                DISABLED_MSG
                0x0000000000001aa2                PSTOP_ENABLE_MSG
                0x0000000000001ab1                SD_USE_CRC_MSG
                0x0000000000001ac0                EXTRUDER_HOLD_MSG
                0x0000000000001ace                PAUSE_HEAT_MSG
                0x0000000000001ade                OVERRIDE_GCODE_TEMP_MSG
                0x0000000000001aee                HBP_MSG
                0x0000000000001afc                ACCELERATE_MSG
                0x0000000000001b09                EXIT_MSG
                0x0000000000001b13                SOUND_MSG
                0x0000000000001b19                TOOL_COUNT_MSG
                0x0000000000001b28                BOT_STATS_MSG
                0x0000000000001b37                NOZZLES_MSG
                0x0000000000001b49                RESET_MSG
                0x0000000000001b5a                SETTINGS_MSG
                0x0000000000001b6b                PREHEAT_SET_MSG
                0x0000000000001b7c                PLATE_LEVEL_MSG
                0x0000000000001b8e                ESTEPS_MSG
                0x0000000000001ba0                DSTEPS_MSG
                0x0000000000001bb1                VERSION_MSG
                0x0000000000001bc5                FILAMENT_OPTIONS_MSG
                0x0000000000001bd6                HOME_AXES_MSG
                0x0000000000001be0                JOG_MSG
                0x0000000000001be9                MONITOR_MSG
                0x0000000000001bf6                UTILITIES_MSG
                0x0000000000001c00                PREHEAT_MSG
                0x0000000000001c08                BUILD_MSG
                0x0000000000001c16                PLATFORM_TIMEOUT_MSG
                0x0000000000001c4b                EXTRUDER_TIMEOUT_MSG
                0x0000000000001c80                CARDSIZE_MSG
                0x0000000000001cce                CARDFORMAT_MSG
                0x0000000000001d12                CARDCRC_MSG
                0x0000000000001d60                CARDERROR_MSG
                0x0000000000001d73                NOCARD_MSG
                0x0000000000001d87                CARDNOFILES_MSG
                0x0000000000001d98                CARDOPENERR_MSG
                0x0000000000001dad                CARDCOMMS_MSG
                0x0000000000001de6                BUILDING_MSG
                0x0000000000001dfb                COLD_PAUSE_MSG
                0x0000000000001e06                UNPAUSE_MSG
                0x0000000000001e0e                PAUSE_MSG
                0x0000000000001e16                CANCEL_FIL_MSG
                0x0000000000001e2a                CANCEL_MSG
                0x0000000000001e3d                RESET2_MSG
                0x0000000000001e47                RESET1_MSG
                0x0000000000001e57                PLATFORM_SPACES_MSG
                0x0000000000001e6b                LEFT_SPACES_MSG
                0x0000000000001e7f                RIGHT_SPACES_MSG
                0x0000000000001e93                EXTRUDER_SPACES_MSG
                0x0000000000001ea7                EXTRUDER_TEMP_MSG
                0x0000000000001ebc                PLATFORM_TEMP_MSG
                0x0000000000001ed1                EXTRUDER2_TEMP_MSG
                0x0000000000001ee6                EXTRUDER1_TEMP_MSG
                0x0000000000001efb                BUILD_PERCENT_MSG
                0x0000000000001f00                HEATING_SPACES_MSG
                0x0000000000001f15                HEATING_MSG
                0x0000000000001f1e                JOG3Z_MSG
                0x0000000000001f33                JOG3Y_MSG
                0x0000000000001f48                JOG4X_MSG
                0x0000000000001f5d                JOG3X_MSG
                0x0000000000001f72                JOG2X_MSG
                0x0000000000001f87                JOG1_MSG
                0x0000000000001f9c                UNLOAD_LEFT_MSG
                0x0000000000001fa8                UNLOAD_RIGHT_MSG
                0x0000000000001fb5                UNLOAD_SINGLE_MSG
                0x0000000000001fbc                LOAD_SINGLE_MSG
                0x0000000000001fc1                LOAD_LEFT_MSG
                0x0000000000001fcb                LOAD_RIGHT_MSG
                0x0000000000001fd6                TIMEOUT_MSG
                0x000000000000201a                STOP_EXIT_MSG
                0x0000000000002060                HEATER_ERROR_MSG
                0x0000000000002090                YAXIS_MSG
                0x000000000000209c                XAXIS_MSG
                0x00000000000020a8                YES_MSG
                0x00000000000020ac                NO_MSG
                0x00000000000020b0                DONE_MSG
                0x00000000000020b5                SELECT_MSG
                0x00000000000020c8                TOOL_MSG
                0x00000000000020d1                PLATFORM_MSG
                0x00000000000020da                STOP_MSG
                0x00000000000020eb                GO_MSG
                0x00000000000020fc                SPLASH_SRAM_MSG
                0x0000000000002107                OFF_MSG
                0x000000000000210b                ON_MSG
                0x0000000000002110                . = ALIGN (0x2)
 *fill*         0x000000000000210f        0x1 
 *(.jumptables)
 *(.jumptables*)
 *(.lowtext)
 *(.lowtext*)
                0x0000000000002110                __ctors_start = .
 *(.ctors)
 .ctors         0x0000000000002110        0x2 build/ramps13-2560/RAMPS/Motherboard/Command.o
 .ctors         0x0000000000002112        0x2 build/ramps13-2560/RAMPS/Motherboard/DigiPots.o
 .ctors         0x0000000000002114        0x2 build/ramps13-2560/RAMPS/Motherboard/EepromMap.o
 .ctors         0x0000000000002116        0x2 build/ramps13-2560/RAMPS/Motherboard/Host.o
 .ctors         0x0000000000002118        0x2 build/ramps13-2560/RAMPS/Motherboard/Main.o
 .ctors         0x000000000000211a        0x2 build/ramps13-2560/RAMPS/Motherboard/Motherboard.o
 .ctors         0x000000000000211c        0x2 build/ramps13-2560/RAMPS/Motherboard/Piezo.o
 .ctors         0x000000000000211e        0x2 build/ramps13-2560/RAMPS/Motherboard/SDCard.o
 .ctors         0x0000000000002120        0x2 build/ramps13-2560/RAMPS/Motherboard/StepperAccel.o
 .ctors         0x0000000000002122        0x2 build/ramps13-2560/RAMPS/Motherboard/StepperAccelPlanner.o
 .ctors         0x0000000000002124        0x2 build/ramps13-2560/RAMPS/Motherboard/StepperAxis.o
 .ctors         0x0000000000002126        0x2 build/ramps13-2560/RAMPS/Motherboard/Steppers.o
 .ctors         0x0000000000002128        0x2 build/ramps13-2560/RAMPS/Motherboard/UtilityScripts.o
 .ctors         0x000000000000212a        0x2 build/ramps13-2560/RAMPS/Motherboard/boards/ramps13/Cutoff.o
 .ctors         0x000000000000212c        0x2 build/ramps13-2560/RAMPS/Motherboard/boards/ramps13/ExtruderBoard.o
 .ctors         0x000000000000212e        0x2 build/ramps13-2560/RAMPS/Motherboard/boards/ramps13/RGB_LED.o
 .ctors         0x0000000000002130        0x2 build/ramps13-2560/RAMPS/Motherboard/boards/ramps13/StandardButtonArray.o
 .ctors         0x0000000000002132        0x2 build/ramps13-2560/RAMPS/Motherboard/lib_sd/fat.o
 .ctors         0x0000000000002134        0x2 build/ramps13-2560/RAMPS/Motherboard/lib_sd/partition.o
 .ctors         0x0000000000002136        0x2 build/ramps13-2560/RAMPS/Motherboard/lib_sd/sd_raw.o
 .ctors         0x0000000000002138        0x2 build/ramps13-2560/RAMPS/shared/AvrPort.o
 .ctors         0x000000000000213a        0x2 build/ramps13-2560/RAMPS/shared/CoolingFan.o
 .ctors         0x000000000000213c        0x2 build/ramps13-2560/RAMPS/shared/Eeprom.o
 .ctors         0x000000000000213e        0x2 build/ramps13-2560/RAMPS/shared/Heater.o
 .ctors         0x0000000000002140        0x2 build/ramps13-2560/RAMPS/shared/Interface.o
 .ctors         0x0000000000002142        0x2 build/ramps13-2560/RAMPS/shared/InterfaceBoard.o
 .ctors         0x0000000000002144        0x2 build/ramps13-2560/RAMPS/shared/LiquidCrystalSerial.o
 .ctors         0x0000000000002146        0x2 build/ramps13-2560/RAMPS/shared/Menu.o
 .ctors         0x0000000000002148        0x2 build/ramps13-2560/RAMPS/shared/Pin.o
 .ctors         0x000000000000214a        0x2 build/ramps13-2560/RAMPS/shared/StandardLiquidCrystalSerial.o
 .ctors         0x000000000000214c        0x2 build/ramps13-2560/RAMPS/shared/Thermocouple.o
 .ctors         0x000000000000214e        0x2 build/ramps13-2560/RAMPS/shared/Timeout.o
 .ctors         0x0000000000002150        0x2 build/ramps13-2560/RAMPS/shared/UART.o
 .ctors         0x0000000000002152        0x2 build/ramps13-2560/RAMPS/shared/VikiInterface.o
                0x0000000000002154                __ctors_end = .
                0x0000000000002154                __dtors_start = .
 *(.dtors)
                0x0000000000002154                __dtors_end = .
 SORT(*)(.ctors)
 SORT(*)(.dtors)
 *(.init0)
 .init0         0x0000000000002154        0x0 /usr/local/avr/lib/gcc/avr/4.6.2/../../../../avr/lib/avr6/crtm2560.o
                0x0000000000002154                __init
 *(.init0)
 *(.init1)
 .init1         0x0000000000002154       0x14 build/ramps13-2560/RAMPS/Motherboard/Main.o
                0x0000000000002154                _Z10StackPaintv
 *(.init1)
 *(.init2)
 .init2         0x0000000000002168       0x10 /usr/local/avr/lib/gcc/avr/4.6.2/../../../../avr/lib/avr6/crtm2560.o
 *(.init2)
 *(.init3)
 *(.init3)
 *(.init4)
 .init4         0x0000000000002178       0x1a /usr/local/avr/lib/gcc/avr/4.6.2/avr6/libgcc.a(_copy_data.o)
                0x0000000000002178                __do_copy_data
 .init4         0x0000000000002192       0x10 /usr/local/avr/lib/gcc/avr/4.6.2/avr6/libgcc.a(_clear_bss.o)
                0x0000000000002192                __do_clear_bss
 *(.init4)
 *(.init5)
 *(.init5)
 *(.init6)
 .init6         0x00000000000021a2       0x20 /usr/local/avr/lib/gcc/avr/4.6.2/avr6/libgcc.a(_ctors.o)
                0x00000000000021a2                __do_global_ctors
 *(.init6)
 *(.init7)
 *(.init7)
 *(.init8)
 *(.init8)
 *(.init9)
 .init9         0x00000000000021c2        0x8 /usr/local/avr/lib/gcc/avr/4.6.2/../../../../avr/lib/avr6/crtm2560.o
 *(.init9)
 *(.text)
 .text          0x00000000000021ca        0x4 /usr/local/avr/lib/gcc/avr/4.6.2/../../../../avr/lib/avr6/crtm2560.o
                0x00000000000021ca                __vector_22
                0x00000000000021ca                __vector_28
                0x00000000000021ca                __vector_1
                0x00000000000021ca                __vector_34
                0x00000000000021ca                __vector_24
                0x00000000000021ca                __vector_12
                0x00000000000021ca                __vector_55
                0x00000000000021ca                __vector_46
                0x00000000000021ca                __bad_interrupt
                0x00000000000021ca                __vector_6
                0x00000000000021ca                __vector_31
                0x00000000000021ca                __vector_35
                0x00000000000021ca                __vector_39
                0x00000000000021ca                __vector_3
                0x00000000000021ca                __vector_23
                0x00000000000021ca                __vector_30
                0x00000000000021ca                __vector_45
                0x00000000000021ca                __vector_11
                0x00000000000021ca                __vector_54
                0x00000000000021ca                __vector_17
                0x00000000000021ca                __vector_19
                0x00000000000021ca                __vector_56
                0x00000000000021ca                __vector_7
                0x00000000000021ca                __vector_49
                0x00000000000021ca                __vector_41
                0x00000000000021ca                __vector_43
                0x00000000000021ca                __vector_5
                0x00000000000021ca                __vector_33
                0x00000000000021ca                __vector_52
                0x00000000000021ca                __vector_37
                0x00000000000021ca                __vector_4
                0x00000000000021ca                __vector_44
                0x00000000000021ca                __vector_51
                0x00000000000021ca                __vector_9
                0x00000000000021ca                __vector_2
                0x00000000000021ca                __vector_21
                0x00000000000021ca                __vector_15
                0x00000000000021ca                __vector_40
                0x00000000000021ca                __vector_8
                0x00000000000021ca                __vector_26
                0x00000000000021ca                __vector_48
                0x00000000000021ca                __vector_14
                0x00000000000021ca                __vector_53
                0x00000000000021ca                __vector_10
                0x00000000000021ca                __vector_50
                0x00000000000021ca                __vector_16
                0x00000000000021ca                __vector_18
                0x00000000000021ca                __vector_20
                0x00000000000021ca                __vector_42
 .text          0x00000000000021ce      0x1a6 /usr/local/avr/lib/gcc/avr/4.6.2/avr6/libgcc.a(_muldi3.o)
                0x00000000000021ce                __muldi3
 .text          0x0000000000002374       0xf4 /usr/local/avr/lib/gcc/avr/4.6.2/avr6/libgcc.a(_lshrdi3.o)
                0x0000000000002374                __lshrdi3
 .text          0x0000000000002468       0xf4 /usr/local/avr/lib/gcc/avr/4.6.2/avr6/libgcc.a(_ashldi3.o)
                0x0000000000002468                __ashldi3
 .text          0x000000000000255c       0xdc /usr/local/avr/lib/gcc/avr/4.6.2/avr6/libgcc.a(_ashrdi3.o)
                0x000000000000255c                __ashrdi3
 .text          0x0000000000002638      0xf7e /usr/local/avr/lib/gcc/avr/4.6.2/avr6/libgcc.a(_divdi3.o)
                0x0000000000002638                __divdi3
 .text          0x00000000000035b6       0x12 /usr/local/avr/lib/gcc/avr/4.6.2/../../../../avr/lib/avr6/libc.a(memcpy_PF.o)
                0x00000000000035b6                memcpy_PF
                0x00000000000035c8                . = ALIGN (0x2)
 *(.text.*)
 .text._ZN7commandL10pstop_incrEv
                0x00000000000035c8       0x1e build/ramps13-2560/RAMPS/Motherboard/Command.o
 .text._ZN7commandL10heatersOffEv
                0x00000000000035e6       0x12 build/ramps13-2560/RAMPS/Motherboard/Command.o
 .text._ZN7commandL14cancelMidBuildEv
                0x00000000000035f8       0x2a build/ramps13-2560/RAMPS/Motherboard/Command.o
 .text._ZN7command20getRemainingCapacityEv
                0x0000000000003622       0x1a build/ramps13-2560/RAMPS/Motherboard/Command.o
                0x0000000000003622                _ZN7command20getRemainingCapacityEv
 .text._ZN7command20displayStatusMessageEPKhS1_
                0x000000000000363c       0x70 build/ramps13-2560/RAMPS/Motherboard/Command.o
                0x000000000000363c                _ZN7command20displayStatusMessageEPKhS1_
 .text._ZN7command19removeStatusMessageEv
                0x00000000000036ac       0x50 build/ramps13-2560/RAMPS/Motherboard/Command.o
                0x00000000000036ac                _ZN7command19removeStatusMessageEv
 .text._ZN7command18getBuildPercentageEv
                0x00000000000036fc        0x6 build/ramps13-2560/RAMPS/Motherboard/Command.o
                0x00000000000036fc                _ZN7command18getBuildPercentageEv
 .text._ZN7command13alevel_updateER5Point
                0x0000000000003702      0x140 build/ramps13-2560/RAMPS/Motherboard/Command.o
                0x0000000000003702                _ZN7command13alevel_updateER5Point
 .text._ZN7command19pauseUnRetractClearEv
                0x0000000000003842        0x6 build/ramps13-2560/RAMPS/Motherboard/Command.o
                0x0000000000003842                _ZN7command19pauseUnRetractClearEv
 .text._ZN7command5pauseEbb
                0x0000000000003848       0x18 build/ramps13-2560/RAMPS/Motherboard/Command.o
                0x0000000000003848                _ZN7command5pauseEbb
 .text._ZN7command12heatShutdownEv
                0x0000000000003860        0x8 build/ramps13-2560/RAMPS/Motherboard/Command.o
                0x0000000000003860                _ZN7command12heatShutdownEv
 .text._ZN7command8isPausedEv
                0x0000000000003868       0x1c build/ramps13-2560/RAMPS/Motherboard/Command.o
                0x0000000000003868                _ZN7command8isPausedEv
 .text._ZN7command10pauseStateEv
                0x0000000000003884        0x6 build/ramps13-2560/RAMPS/Motherboard/Command.o
                0x0000000000003884                _ZN7command10pauseStateEv
 .text._ZN7command22pauseIntermediateStateEv
                0x000000000000388a        0xe build/ramps13-2560/RAMPS/Motherboard/Command.o
                0x000000000000388a                _ZN7command22pauseIntermediateStateEv
 .text._ZN7command11pauseAtZPosEl
                0x0000000000003898       0x7e build/ramps13-2560/RAMPS/Motherboard/Command.o
                0x0000000000003898                _ZN7command11pauseAtZPosEl
 .text._ZN7command14getPauseAtZPosEv
                0x0000000000003916       0x1e build/ramps13-2560/RAMPS/Motherboard/Command.o
                0x0000000000003916                _ZN7command14getPauseAtZPosEv
 .text._ZN7command7isEmptyEv
                0x0000000000003934       0x14 build/ramps13-2560/RAMPS/Motherboard/Command.o
                0x0000000000003934                _ZN7command7isEmptyEv
 .text._ZN7command4pushEh
                0x0000000000003948       0x5c build/ramps13-2560/RAMPS/Motherboard/Command.o
                0x0000000000003948                _ZN7command4pushEh
 .text._ZN7command10buildResetEv
                0x00000000000039a4      0x152 build/ramps13-2560/RAMPS/Motherboard/Command.o
                0x00000000000039a4                _ZN7command10buildResetEv
 .text._ZN7command5resetEv
                0x0000000000003af6       0x28 build/ramps13-2560/RAMPS/Motherboard/Command.o
                0x0000000000003af6                _ZN7command5resetEv
 .text._ZN7command9isWaitingEv
                0x0000000000003b1e        0xe build/ramps13-2560/RAMPS/Motherboard/Command.o
                0x0000000000003b1e                _ZN7command9isWaitingEv
 .text._ZN7command15retractFilamentEb
                0x0000000000003b2c      0x278 build/ramps13-2560/RAMPS/Motherboard/Command.o
                0x0000000000003b2c                _ZN7command15retractFilamentEb
 .text._ZN7command14platformAccessEb
                0x0000000000003da4      0x5c4 build/ramps13-2560/RAMPS/Motherboard/Command.o
                0x0000000000003da4                _ZN7command14platformAccessEb
 .text._ZN7command17getFilamentLengthEh
                0x0000000000004368       0xe0 build/ramps13-2560/RAMPS/Motherboard/Command.o
                0x0000000000004368                _ZN7command17getFilamentLengthEh
 .text._ZN7command26addFilamentUsedForExtruderEh
                0x0000000000004448      0x19e build/ramps13-2560/RAMPS/Motherboard/Command.o
                0x0000000000004448                _ZN7command26addFilamentUsedForExtruderEh
 .text._ZN7command15addFilamentUsedEv
                0x00000000000045e6        0xe build/ramps13-2560/RAMPS/Motherboard/Command.o
                0x00000000000045e6                _ZN7command15addFilamentUsedEv
 .text._ZN7command21getLastFilamentLengthEh
                0x00000000000045f4       0xe0 build/ramps13-2560/RAMPS/Motherboard/Command.o
                0x00000000000045f4                _ZN7command21getLastFilamentLengthEh
 .text._ZN7command12filamentUsedEv
                0x00000000000046d4       0xb4 build/ramps13-2560/RAMPS/Motherboard/Command.o
                0x00000000000046d4                _ZN7command12filamentUsedEv
 .text._ZN7command20saveDigiPotsAndPowerEb
                0x0000000000004788       0x42 build/ramps13-2560/RAMPS/Motherboard/Command.o
                0x0000000000004788                _ZN7command20saveDigiPotsAndPowerEb
 .text._ZN7command15restoreDigiPotsEv
                0x00000000000047ca       0x24 build/ramps13-2560/RAMPS/Motherboard/Command.o
                0x00000000000047ca                _ZN7command15restoreDigiPotsEv
 .text._ZN7command28processExtruderCommandPacketEa
                0x00000000000047ee      0x2c8 build/ramps13-2560/RAMPS/Motherboard/Command.o
                0x00000000000047ee                _ZN7command28processExtruderCommandPacketEa
 .text._ZN7command16handlePauseStateEv
                0x0000000000004ab6      0x436 build/ramps13-2560/RAMPS/Motherboard/Command.o
                0x0000000000004ab6                _ZN7command16handlePauseStateEv
 .text._ZN7command26estimatedTimeLeftInSecondsEv
                0x0000000000004eec      0x100 build/ramps13-2560/RAMPS/Motherboard/Command.o
                0x0000000000004eec                _ZN7command26estimatedTimeLeftInSecondsEv
 .text._ZN19CircularBufferTemplIhE3popEv
                0x0000000000004fec       0x4e build/ramps13-2560/RAMPS/Motherboard/Command.o
                0x0000000000004fec                _ZN19CircularBufferTemplIhE3popEv
 .text._ZN7command5pop32Ev
                0x000000000000503a       0x54 build/ramps13-2560/RAMPS/Motherboard/Command.o
                0x000000000000503a                _ZN7command5pop32Ev
 .text._ZN7command5pop16Ev
                0x000000000000508e       0x24 build/ramps13-2560/RAMPS/Motherboard/Command.o
                0x000000000000508e                _ZN7command5pop16Ev
 .text._ZN7command4pop8Ev
                0x00000000000050b2        0xa build/ramps13-2560/RAMPS/Motherboard/Command.o
                0x00000000000050b2                _ZN7command4pop8Ev
 .text._ZN7command15runCommandSliceEv
                0x00000000000050bc     0x1e76 build/ramps13-2560/RAMPS/Motherboard/Command.o
                0x00000000000050bc                _ZN7command15runCommandSliceEv
 .text.startup._GLOBAL__sub_I__ZN7command15pstop_triggeredE
                0x0000000000006f32       0x68 build/ramps13-2560/RAMPS/Motherboard/Command.o
 .text.startup._GLOBAL__sub_I__ZN8DigiPotsC2ERK3PinRKj
                0x0000000000006f9a       0x10 build/ramps13-2560/RAMPS/Motherboard/DigiPots.o
 .text._ZN6eeprom20setDefaultCoolingFanEj
                0x0000000000006faa       0x2c build/ramps13-2560/RAMPS/Motherboard/EepromMap.o
                0x0000000000006faa                _ZN6eeprom20setDefaultCoolingFanEj
 .text._ZN6eeprom13setDefaultPIDEj
                0x0000000000006fd6       0x38 build/ramps13-2560/RAMPS/Motherboard/EepromMap.o
                0x0000000000006fd6                _ZN6eeprom13setDefaultPIDEj
 .text._ZN6eeprom19setDefaultsExtruderEij
                0x000000000000700e       0x82 build/ramps13-2560/RAMPS/Motherboard/EepromMap.o
                0x000000000000700e                _ZN6eeprom19setDefaultsExtruderEij
 .text._ZN6eeprom18SetDefaultsThermalEj
                0x0000000000007090       0x38 build/ramps13-2560/RAMPS/Motherboard/EepromMap.o
                0x0000000000007090                _ZN6eeprom18SetDefaultsThermalEj
 .text._ZN6eeprom20setDefaultLedEffectsEj
                0x00000000000070c8       0x4a build/ramps13-2560/RAMPS/Motherboard/EepromMap.o
                0x00000000000070c8                _ZN6eeprom20setDefaultLedEffectsEj
 .text._ZN6eeprom14setCustomColorEhhh
                0x0000000000007112       0x4a build/ramps13-2560/RAMPS/Motherboard/EepromMap.o
                0x0000000000007112                _ZN6eeprom14setCustomColorEhhh
 .text._ZN6eeprom18eeprom_write_soundE5Soundj
                0x000000000000715c       0x32 build/ramps13-2560/RAMPS/Motherboard/EepromMap.o
                0x000000000000715c                _ZN6eeprom18eeprom_write_soundE5Soundj
 .text._ZN6eeprom21setDefaultBuzzEffectsEj
                0x000000000000718e       0x10 build/ramps13-2560/RAMPS/Motherboard/EepromMap.o
                0x000000000000718e                _ZN6eeprom21setDefaultBuzzEffectsEj
 .text._ZN6eeprom18setDefaultsPreheatEj
                0x000000000000719e       0x36 build/ramps13-2560/RAMPS/Motherboard/EepromMap.o
                0x000000000000719e                _ZN6eeprom18setDefaultsPreheatEj
 .text._ZN6eeprom23setDefaultsAccelerationEv
                0x00000000000071d4       0xda build/ramps13-2560/RAMPS/Motherboard/EepromMap.o
                0x00000000000071d4                _ZN6eeprom23setDefaultsAccelerationEv
 .text._ZN6eeprom19setDefaultsProfilesEj
                0x00000000000072ae       0xea build/ramps13-2560/RAMPS/Motherboard/EepromMap.o
                0x00000000000072ae                _ZN6eeprom19setDefaultsProfilesEj
 .text._ZN6eeprom12isSingleToolEv
                0x0000000000007398       0x16 build/ramps13-2560/RAMPS/Motherboard/EepromMap.o
                0x0000000000007398                _ZN6eeprom12isSingleToolEv
 .text._ZN6eeprom27setDefaultAxisHomePositionsEv
                0x00000000000073ae       0x70 build/ramps13-2560/RAMPS/Motherboard/EepromMap.o
                0x00000000000073ae                _ZN6eeprom27setDefaultAxisHomePositionsEv
 .text._ZN6eeprom16setToolHeadCountEh
                0x000000000000741e       0x16 build/ramps13-2560/RAMPS/Motherboard/EepromMap.o
                0x000000000000741e                _ZN6eeprom16setToolHeadCountEh
 .text._ZN6eeprom18factoryResetEEPROMEv
                0x0000000000007434      0x1ae build/ramps13-2560/RAMPS/Motherboard/EepromMap.o
                0x0000000000007434                _ZN6eeprom18factoryResetEEPROMEv
 .text._ZN6eeprom6hasHBPEv
                0x00000000000075e2       0x16 build/ramps13-2560/RAMPS/Motherboard/EepromMap.o
                0x00000000000075e2                _ZN6eeprom6hasHBPEv
 .text._ZN6eeprom30storeToolheadToleranceDefaultsEv
                0x00000000000075f8       0x4e build/ramps13-2560/RAMPS/Motherboard/EepromMap.o
                0x00000000000075f8                _ZN6eeprom30storeToolheadToleranceDefaultsEv
 .text._ZN6eeprom12getBuildTimeEPjPh
                0x0000000000007646       0x34 build/ramps13-2560/RAMPS/Motherboard/EepromMap.o
                0x0000000000007646                _ZN6eeprom12getBuildTimeEPjPh
 .text._ZN6eeprom12setBuildTimeEjh
                0x000000000000767a       0x1e build/ramps13-2560/RAMPS/Motherboard/EepromMap.o
                0x000000000000767a                _ZN6eeprom12setBuildTimeEjh
 .text._ZN6eeprom15updateBuildTimeEjh
                0x0000000000007698       0x60 build/ramps13-2560/RAMPS/Motherboard/EepromMap.o
                0x0000000000007698                _ZN6eeprom15updateBuildTimeEjh
 .text._ZN6eeprom15fullResetEEPROMEv
                0x00000000000076f8       0x62 build/ramps13-2560/RAMPS/Motherboard/EepromMap.o
                0x00000000000076f8                _ZN6eeprom15fullResetEEPROMEv
 .text._ZN6eeprom10heatLightsEv
                0x000000000000775a       0x24 build/ramps13-2560/RAMPS/Motherboard/EepromMap.o
                0x000000000000775a                _ZN6eeprom10heatLightsEv
 .text.startup._GLOBAL__sub_I__ZN6eeprom20setDefaultCoolingFanEj
                0x000000000000777e       0x10 build/ramps13-2560/RAMPS/Motherboard/EepromMap.o
 .text._ZN4host20processCommandPacketERK8InPacketR9OutPacket
                0x000000000000778e       0x9a build/ramps13-2560/RAMPS/Motherboard/Host.o
                0x000000000000778e                _ZN4host20processCommandPacketERK8InPacketR9OutPacket
 .text._ZN4host12heatShutdownEv
                0x0000000000007828        0xe build/ramps13-2560/RAMPS/Motherboard/Host.o
                0x0000000000007828                _ZN4host12heatShutdownEv
 .text._ZN4host17handleGetPositionERK8InPacketR9OutPacket
                0x0000000000007836       0xaa build/ramps13-2560/RAMPS/Motherboard/Host.o
                0x0000000000007836                _ZN4host17handleGetPositionERK8InPacketR9OutPacket
 .text._ZN4host20handleGetPositionExtERK8InPacketR9OutPacket
                0x00000000000078e0       0xe4 build/ramps13-2560/RAMPS/Motherboard/Host.o
                0x00000000000078e0                _ZN4host20handleGetPositionExtERK8InPacketR9OutPacket
 .text._ZN4host18handleNextFilenameERK8InPacketR9OutPacket
                0x00000000000079c4       0xbe build/ramps13-2560/RAMPS/Motherboard/Host.o
                0x00000000000079c4                _ZN4host18handleNextFilenameERK8InPacketR9OutPacket
 .text._ZN4host16handleReadEepromERK8InPacketR9OutPacket
                0x0000000000007a82       0xb6 build/ramps13-2560/RAMPS/Motherboard/Host.o
                0x0000000000007a82                _ZN4host16handleReadEepromERK8InPacketR9OutPacket
 .text._ZN4host17handleWriteEepromERK8InPacketR9OutPacket
                0x0000000000007b38      0x102 build/ramps13-2560/RAMPS/Motherboard/Host.o
                0x0000000000007b38                _ZN4host17handleWriteEepromERK8InPacketR9OutPacket
 .text._ZN4host14getMachineNameEv
                0x0000000000007c3a       0x66 build/ramps13-2560/RAMPS/Motherboard/Host.o
                0x0000000000007c3a                _ZN4host14getMachineNameEv
 .text._ZN4host12getHostStateEv
                0x0000000000007ca0        0x6 build/ramps13-2560/RAMPS/Motherboard/Host.o
                0x0000000000007ca0                _ZN4host12getHostStateEv
 .text._ZN4host13getBuildStateEv
                0x0000000000007ca6        0x6 build/ramps13-2560/RAMPS/Motherboard/Host.o
                0x0000000000007ca6                _ZN4host13getBuildStateEv
 .text._ZN4host15resumePrintTimeEv
                0x0000000000007cac       0x24 build/ramps13-2560/RAMPS/Motherboard/Host.o
                0x0000000000007cac                _ZN4host15resumePrintTimeEv
 .text._ZN4host14startPrintTimeEv
                0x0000000000007cd0       0x16 build/ramps13-2560/RAMPS/Motherboard/Host.o
                0x0000000000007cd0                _ZN4host14startPrintTimeEv
 .text._ZN4host28handleBuildStartNotificationER19CircularBufferTemplIhE
                0x0000000000007ce6       0xfa build/ramps13-2560/RAMPS/Motherboard/Host.o
                0x0000000000007ce6                _ZN4host28handleBuildStartNotificationER19CircularBufferTemplIhE
 .text._ZN4host14deltaPrintTimeEv
                0x0000000000007de0       0x44 build/ramps13-2560/RAMPS/Motherboard/Host.o
                0x0000000000007de0                _ZN4host14deltaPrintTimeEv
 .text._ZN4host14pausePrintTimeEv
                0x0000000000007e24       0x48 build/ramps13-2560/RAMPS/Motherboard/Host.o
                0x0000000000007e24                _ZN4host14pausePrintTimeEv
 .text._ZN4host15getPrintSecondsEv
                0x0000000000007e6c       0x2e build/ramps13-2560/RAMPS/Motherboard/Host.o
                0x0000000000007e6c                _ZN4host15getPrintSecondsEv
 .text._ZN4host12getPrintTimeERjRh
                0x0000000000007e9a       0x84 build/ramps13-2560/RAMPS/Motherboard/Host.o
                0x0000000000007e9a                _ZN4host12getPrintTimeERjRh
 .text._ZN4host13stopPrintTimeEv
                0x0000000000007f1e       0x22 build/ramps13-2560/RAMPS/Motherboard/Host.o
                0x0000000000007f1e                _ZN4host13stopPrintTimeEv
 .text._ZN4host27handleBuildStopNotificationEh
                0x0000000000007f40       0x52 build/ramps13-2560/RAMPS/Motherboard/Host.o
                0x0000000000007f40                _ZN4host27handleBuildStopNotificationEh
 .text._ZN4host16startBuildFromSDEPch
                0x0000000000007f92       0x6e build/ramps13-2560/RAMPS/Motherboard/Host.o
                0x0000000000007f92                _ZN4host16startBuildFromSDEPch
 .text._ZN4host17startOnboardBuildEh
                0x0000000000008000       0x2c build/ramps13-2560/RAMPS/Motherboard/Host.o
                0x0000000000008000                _ZN4host17startOnboardBuildEh
 .text._ZN4host12stopBuildNowEv
                0x000000000000802c       0x48 build/ramps13-2560/RAMPS/Motherboard/Host.o
                0x000000000000802c                _ZN4host12stopBuildNowEv
 .text._ZN4host9stopBuildEv
                0x0000000000008074       0x3c build/ramps13-2560/RAMPS/Motherboard/Host.o
                0x0000000000008074                _ZN4host9stopBuildEv
 .text._ZN4host10pauseBuildEbb
                0x00000000000080b0       0x58 build/ramps13-2560/RAMPS/Motherboard/Host.o
                0x00000000000080b0                _ZN4host10pauseBuildEbb
 .text._ZN4host26processExtruderQueryPacketERK8InPacketR9OutPacket
                0x0000000000008108      0x1a8 build/ramps13-2560/RAMPS/Motherboard/Host.o
                0x0000000000008108                _ZN4host26processExtruderQueryPacketERK8InPacketR9OutPacket
 .text._ZN4host18processQueryPacketERK8InPacketR9OutPacket
                0x00000000000082b0      0x2d0 build/ramps13-2560/RAMPS/Motherboard/Host.o
                0x00000000000082b0                _ZN4host18processQueryPacketERK8InPacketR9OutPacket
 .text._ZN4host12runHostSliceEv
                0x0000000000008580      0x1f4 build/ramps13-2560/RAMPS/Motherboard/Host.o
                0x0000000000008580                _ZN4host12runHostSliceEv
 .text._ZN4host15isBuildCompleteEv
                0x0000000000008774       0x18 build/ramps13-2560/RAMPS/Motherboard/Host.o
                0x0000000000008774                _ZN4host15isBuildCompleteEv
 .text.startup._GLOBAL__sub_I__ZN4host17packet_in_timeoutE
                0x000000000000878c       0x28 build/ramps13-2560/RAMPS/Motherboard/Host.o
 .text._Z10StackCountv
                0x00000000000087b4       0x20 build/ramps13-2560/RAMPS/Motherboard/Main.o
                0x00000000000087b4                _Z10StackCountv
 .text._Z5resetb
                0x00000000000087d4       0x70 build/ramps13-2560/RAMPS/Motherboard/Main.o
                0x00000000000087d4                _Z5resetb
 .text.startup.main
                0x0000000000008844       0x2c build/ramps13-2560/RAMPS/Motherboard/Main.o
                0x0000000000008844                main
 .text.__cxa_pure_virtual
                0x0000000000008870        0x2 build/ramps13-2560/RAMPS/Motherboard/Main.o
                0x0000000000008870                __cxa_pure_virtual
 .text.startup._GLOBAL__sub_I__Z10StackPaintv
                0x0000000000008872       0x10 build/ramps13-2560/RAMPS/Motherboard/Main.o
 .text._ZN27BuildPlatformHeatingElement17setHeatingElementEh
                0x0000000000008882       0x4c build/ramps13-2560/RAMPS/Motherboard/Motherboard.o
                0x0000000000008882                _ZN27BuildPlatformHeatingElement17setHeatingElementEh
 .text._ZN11MotherboardC2Ev
                0x00000000000088ce      0x282 build/ramps13-2560/RAMPS/Motherboard/Motherboard.o
                0x00000000000088ce                _ZN11MotherboardC2Ev
                0x00000000000088ce                _ZN11MotherboardC1Ev
 .text._ZN11Motherboard22setupAccelStepperTimerEv
                0x0000000000008b50       0x22 build/ramps13-2560/RAMPS/Motherboard/Motherboard.o
                0x0000000000008b50                _ZN11Motherboard22setupAccelStepperTimerEv
 .text._ZN11Motherboard10initClocksEv
                0x0000000000008b72       0x9c build/ramps13-2560/RAMPS/Motherboard/Motherboard.o
                0x0000000000008b72                _ZN11Motherboard10initClocksEv
 .text._ZN11Motherboard4initEv
                0x0000000000008c0e       0xf6 build/ramps13-2560/RAMPS/Motherboard/Motherboard.o
                0x0000000000008c0e                _ZN11Motherboard4initEv
 .text._ZN11Motherboard21getCurrentCentaMicrosEPh
                0x0000000000008d04       0x2c build/ramps13-2560/RAMPS/Motherboard/Motherboard.o
                0x0000000000008d04                _ZN11Motherboard21getCurrentCentaMicrosEPh
 .text._ZN11Motherboard17getCurrentSecondsEv
                0x0000000000008d30       0x24 build/ramps13-2560/RAMPS/Motherboard/Motherboard.o
                0x0000000000008d30                _ZN11Motherboard17getCurrentSecondsEv
 .text._ZN11Motherboard18doStepperInterruptEv
                0x0000000000008d54       0x5c build/ramps13-2560/RAMPS/Motherboard/Motherboard.o
                0x0000000000008d54                _ZN11Motherboard18doStepperInterruptEv
 .text._ZN11Motherboard13HeatingAlertsEv
                0x0000000000008db0      0x226 build/ramps13-2560/RAMPS/Motherboard/Motherboard.o
                0x0000000000008db0                _ZN11Motherboard13HeatingAlertsEv
 .text._ZN11Motherboard10heaterFailE14HeaterFailModeh
                0x0000000000008fd6       0x26 build/ramps13-2560/RAMPS/Motherboard/Motherboard.o
                0x0000000000008fd6                _ZN11Motherboard10heaterFailE14HeaterFailModeh
 .text._ZN11Motherboard21resetUserInputTimeoutEv
                0x0000000000008ffc       0x12 build/ramps13-2560/RAMPS/Motherboard/Motherboard.o
                0x0000000000008ffc                _ZN11Motherboard21resetUserInputTimeoutEv
 .text.__vector_32
                0x000000000000900e       0x54 build/ramps13-2560/RAMPS/Motherboard/Motherboard.o
                0x000000000000900e                __vector_32
 .text._ZN11Motherboard14interfaceBlinkEhh
                0x0000000000009062       0x1e build/ramps13-2560/RAMPS/Motherboard/Motherboard.o
                0x0000000000009062                _ZN11Motherboard14interfaceBlinkEhh
 .text._ZN11Motherboard15startButtonWaitEv
                0x0000000000009080       0x28 build/ramps13-2560/RAMPS/Motherboard/Motherboard.o
                0x0000000000009080                _ZN11Motherboard15startButtonWaitEv
 .text._ZN11Motherboard13errorResponseEPKhS1_bb
                0x00000000000090a8       0x2c build/ramps13-2560/RAMPS/Motherboard/Motherboard.o
                0x00000000000090a8                _ZN11Motherboard13errorResponseEPKhS1_bb
 .text._ZN11Motherboard13errorResponseEPKhbb
                0x00000000000090d4       0x14 build/ramps13-2560/RAMPS/Motherboard/Motherboard.o
                0x00000000000090d4                _ZN11Motherboard13errorResponseEPKhbb
 .text.__vector_13
                0x00000000000090e8       0x50 build/ramps13-2560/RAMPS/Motherboard/Motherboard.o
                0x00000000000090e8                __vector_13
 .text.__vector_47
                0x0000000000009138      0x17e build/ramps13-2560/RAMPS/Motherboard/Motherboard.o
                0x0000000000009138                __vector_47
 .text._ZN11Motherboard16setUsingPlatformEb
                0x00000000000092b6        0xa build/ramps13-2560/RAMPS/Motherboard/Motherboard.o
                0x00000000000092b6                _ZN11Motherboard16setUsingPlatformEb
 .text._ZN11Motherboard8setExtraEb
                0x00000000000092c0       0x6e build/ramps13-2560/RAMPS/Motherboard/Motherboard.o
                0x00000000000092c0                _ZN11Motherboard8setExtraEb
 .text._ZN11Motherboard10heatersOffEb
                0x000000000000932e       0x4e build/ramps13-2560/RAMPS/Motherboard/Motherboard.o
                0x000000000000932e                _ZN11Motherboard10heatersOffEb
 .text._ZN11Motherboard19runMotherboardSliceEv
                0x000000000000937c      0x2f8 build/ramps13-2560/RAMPS/Motherboard/Motherboard.o
                0x000000000000937c                _ZN11Motherboard19runMotherboardSliceEv
 .text._ZN11Motherboard5resetEb
                0x0000000000009674      0x186 build/ramps13-2560/RAMPS/Motherboard/Motherboard.o
                0x0000000000009674                _ZN11Motherboard5resetEb
 .text._ZN11Motherboard16interfaceBlinkOnEv
                0x00000000000097fa        0xe build/ramps13-2560/RAMPS/Motherboard/Motherboard.o
                0x00000000000097fa                _ZN11Motherboard16interfaceBlinkOnEv
 .text._ZN11Motherboard17interfaceBlinkOffEv
                0x0000000000009808        0xe build/ramps13-2560/RAMPS/Motherboard/Motherboard.o
                0x0000000000009808                _ZN11Motherboard17interfaceBlinkOffEv
 .text._ZN11Motherboard12pauseHeatersEb
                0x0000000000009816       0x1c build/ramps13-2560/RAMPS/Motherboard/Motherboard.o
                0x0000000000009816                _ZN11Motherboard12pauseHeatersEb
 .text.startup._GLOBAL__sub_I_board_status
                0x0000000000009832       0x18 build/ramps13-2560/RAMPS/Motherboard/Motherboard.o
 .text._ZN5Piezo14shutdown_timerEv
                0x000000000000984a       0x10 build/ramps13-2560/RAMPS/Motherboard/Piezo.o
                0x000000000000984a                _ZN5Piezo14shutdown_timerEv
 .text._ZN5Piezo5resetEv
                0x000000000000985a       0x96 build/ramps13-2560/RAMPS/Motherboard/Piezo.o
                0x000000000000985a                _ZN5Piezo5resetEv
 .text._ZN5Piezo15processNextToneEv
                0x00000000000098f0      0x148 build/ramps13-2560/RAMPS/Motherboard/Piezo.o
                0x00000000000098f0                _ZN5Piezo15processNextToneEv
 .text._ZN5Piezo7setToneEjj
                0x0000000000009a38       0xa2 build/ramps13-2560/RAMPS/Motherboard/Piezo.o
                0x0000000000009a38                _ZN5Piezo7setToneEjj
 .text._ZN5Piezo9isPlayingEv
                0x0000000000009ada        0x6 build/ramps13-2560/RAMPS/Motherboard/Piezo.o
                0x0000000000009ada                _ZN5Piezo9isPlayingEv
 .text._ZN5Piezo13runPiezoSliceEv
                0x0000000000009ae0       0x22 build/ramps13-2560/RAMPS/Motherboard/Piezo.o
                0x0000000000009ae0                _ZN5Piezo13runPiezoSliceEv
 .text._ZN5Piezo8playTuneEh
                0x0000000000009b02       0x74 build/ramps13-2560/RAMPS/Motherboard/Piezo.o
                0x0000000000009b02                _ZN5Piezo8playTuneEh
 .text._ZN5Piezo9errorToneEh
                0x0000000000009b76       0x3e build/ramps13-2560/RAMPS/Motherboard/Piezo.o
                0x0000000000009b76                _ZN5Piezo9errorToneEh
 .text.startup._GLOBAL__sub_I__ZN5Piezo9tones_bufE
                0x0000000000009bb4       0x48 build/ramps13-2560/RAMPS/Motherboard/Piezo.o
 .text._ZN5PointC2Ev
                0x0000000000009bfc        0x2 build/ramps13-2560/RAMPS/Motherboard/Point.o
                0x0000000000009bfc                _ZN5PointC2Ev
                0x0000000000009bfc                _ZN5PointC1Ev
 .text._ZN5PointC2Elllll
                0x0000000000009bfe       0x68 build/ramps13-2560/RAMPS/Motherboard/Point.o
                0x0000000000009bfe                _ZN5PointC1Elllll
                0x0000000000009bfe                _ZN5PointC2Elllll
 .text._ZNK5PointixEj
                0x0000000000009c66       0x10 build/ramps13-2560/RAMPS/Motherboard/Point.o
                0x0000000000009c66                _ZNK5PointixEj
 .text._ZN5PointixEj
                0x0000000000009c76       0x10 build/ramps13-2560/RAMPS/Motherboard/Point.o
                0x0000000000009c76                _ZN5PointixEj
 .text._ZN6sdcardL10finishFileEv
                0x0000000000009c86       0x1e build/ramps13-2560/RAMPS/Motherboard/SDCard.o
 .text._ZN6sdcardL16changeWorkingDirEP20fat_dir_entry_struct
                0x0000000000009ca4       0x92 build/ramps13-2560/RAMPS/Motherboard/SDCard.o
 .text._ZN6sdcardL13findFileInDirEPKcP20fat_dir_entry_struct.constprop.2
                0x0000000000009d36       0x46 build/ramps13-2560/RAMPS/Motherboard/SDCard.o
 .text._ZN6sdcardL8openFileEPKc
                0x0000000000009d7c       0x74 build/ramps13-2560/RAMPS/Motherboard/SDCard.o
 .text._ZN6sdcard15changeDirectoryEPKc
                0x0000000000009df0       0x56 build/ramps13-2560/RAMPS/Motherboard/SDCard.o
                0x0000000000009df0                _ZN6sdcard15changeDirectoryEPKc
 .text._ZN6sdcard9isPlayingEv
                0x0000000000009e46        0x6 build/ramps13-2560/RAMPS/Motherboard/SDCard.o
                0x0000000000009e46                _ZN6sdcard9isPlayingEv
 .text._ZN6sdcard9writeByteEh
                0x0000000000009e4c       0x36 build/ramps13-2560/RAMPS/Motherboard/SDCard.o
                0x0000000000009e4c                _ZN6sdcard9writeByteEh
 .text._ZN6sdcard13finishCaptureEv
                0x0000000000009e82       0x22 build/ramps13-2560/RAMPS/Motherboard/SDCard.o
                0x0000000000009e82                _ZN6sdcard13finishCaptureEv
 .text._ZN6sdcard13fetchNextByteEv
                0x0000000000009ea4       0x46 build/ramps13-2560/RAMPS/Motherboard/SDCard.o
                0x0000000000009ea4                _ZN6sdcard13fetchNextByteEv
 .text._ZN6sdcard15playbackHasNextEv
                0x0000000000009eea        0x6 build/ramps13-2560/RAMPS/Motherboard/SDCard.o
                0x0000000000009eea                _ZN6sdcard15playbackHasNextEv
 .text._ZN6sdcard12playbackNextEv
                0x0000000000009ef0       0x1e build/ramps13-2560/RAMPS/Motherboard/SDCard.o
                0x0000000000009ef0                _ZN6sdcard12playbackNextEv
 .text._ZN6sdcard14finishPlaybackEv
                0x0000000000009f0e       0x16 build/ramps13-2560/RAMPS/Motherboard/SDCard.o
                0x0000000000009f0e                _ZN6sdcard14finishPlaybackEv
 .text._ZN6sdcard5resetEv
                0x0000000000009f24       0x60 build/ramps13-2560/RAMPS/Motherboard/SDCard.o
                0x0000000000009f24                _ZN6sdcard5resetEv
 .text._ZN6sdcardL8initCardEv
                0x0000000000009f84      0x112 build/ramps13-2560/RAMPS/Motherboard/SDCard.o
 .text._ZN6sdcard13startPlaybackEPc
                0x000000000000a096       0x52 build/ramps13-2560/RAMPS/Motherboard/SDCard.o
                0x000000000000a096                _ZN6sdcard13startPlaybackEPc
 .text._ZN6sdcard12startCaptureEPc
                0x000000000000a0e8       0xae build/ramps13-2560/RAMPS/Motherboard/SDCard.o
                0x000000000000a0e8                _ZN6sdcard12startCaptureEPc
 .text._ZN6sdcard18directoryNextEntryEPchPhPb
                0x000000000000a196       0xea build/ramps13-2560/RAMPS/Motherboard/SDCard.o
                0x000000000000a196                _ZN6sdcard18directoryNextEntryEPchPhPb
 .text._ZN6sdcard14directoryResetEv
                0x000000000000a280       0x20 build/ramps13-2560/RAMPS/Motherboard/SDCard.o
                0x000000000000a280                _ZN6sdcard14directoryResetEv
 .text._ZN6sdcard10fileExistsEPKc
                0x000000000000a2a0       0x48 build/ramps13-2560/RAMPS/Motherboard/SDCard.o
                0x000000000000a2a0                _ZN6sdcard10fileExistsEPKc
 .text.startup._GLOBAL__sub_I__ZN6sdcard10mustReinitE
                0x000000000000a2e8       0x10 build/ramps13-2560/RAMPS/Motherboard/SDCard.o
 .text._ZL13skew_constantv
                0x000000000000a2f8       0xae build/ramps13-2560/RAMPS/Motherboard/SkewTilt.o
 .text._Z4skewPKl
                0x000000000000a3a6       0xa2 build/ramps13-2560/RAMPS/Motherboard/SkewTilt.o
                0x000000000000a3a6                _Z4skewPKl
 .text._Z11skew_updatePKl
                0x000000000000a448       0x98 build/ramps13-2560/RAMPS/Motherboard/SkewTilt.o
                0x000000000000a448                _Z11skew_updatePKl
 .text._Z11skew_deinitv
                0x000000000000a4e0       0x66 build/ramps13-2560/RAMPS/Motherboard/SkewTilt.o
                0x000000000000a4e0                _Z11skew_deinitv
 .text._Z9skew_initlPKlS0_S0_
                0x000000000000a546      0x3f8 build/ramps13-2560/RAMPS/Motherboard/SkewTilt.o
                0x000000000000a546                _Z9skew_initlPKlS0_S0_
 .text._Z11skew_statusv
                0x000000000000a93e       0x12 build/ramps13-2560/RAMPS/Motherboard/SkewTilt.o
                0x000000000000a93e                _Z11skew_statusv
 .text._Z12st_interruptv
                0x000000000000a950     0x2218 build/ramps13-2560/RAMPS/Motherboard/StepperAccel.o
                0x000000000000a950                _Z12st_interruptv
 .text._Z21st_extruder_interruptv
                0x000000000000cb68      0x274 build/ramps13-2560/RAMPS/Motherboard/StepperAccel.o
                0x000000000000cb68                _Z21st_extruder_interruptv
 .text._Z7st_initv
                0x000000000000cddc      0x196 build/ramps13-2560/RAMPS/Motherboard/StepperAccel.o
                0x000000000000cddc                _Z7st_initv
 .text._Z8st_emptyv
                0x000000000000cf72       0x10 build/ramps13-2560/RAMPS/Motherboard/StepperAccel.o
                0x000000000000cf72                _Z8st_emptyv
 .text._Z15st_set_positionRKlS0_S0_S0_S0_
                0x000000000000cf82       0xaa build/ramps13-2560/RAMPS/Motherboard/StepperAccel.o
                0x000000000000cf82                _Z15st_set_positionRKlS0_S0_S0_S0_
 .text._Z15st_get_positionPlS_S_S_S_Ph
                0x000000000000d02c       0xb6 build/ramps13-2560/RAMPS/Motherboard/StepperAccel.o
                0x000000000000d02c                _Z15st_get_positionPlS_S_S_S_Ph
 .text._Z9quickStopv
                0x000000000000d0e2       0xf0 build/ramps13-2560/RAMPS/Motherboard/StepperAccel.o
                0x000000000000d0e2                _Z9quickStopv
 .text._Z17st_deprime_enableb
                0x000000000000d1d2       0x10 build/ramps13-2560/RAMPS/Motherboard/StepperAccel.o
                0x000000000000d1d2                _Z17st_deprime_enableb
 .text.startup._GLOBAL__sub_I_current_block
                0x000000000000d1e2       0x10 build/ramps13-2560/RAMPS/Motherboard/StepperAccel.o
 .text._ZL6isqrt1i
                0x000000000000d1f2       0x28 build/ramps13-2560/RAMPS/Motherboard/StepperAccelPlanner.o
 .text._Z29calculate_trapezoid_for_blockP7block_tll
                0x000000000000d21a      0x630 build/ramps13-2560/RAMPS/Motherboard/StepperAccelPlanner.o
                0x000000000000d21a                _Z29calculate_trapezoid_for_blockP7block_tll
 .text._Z27planner_reverse_pass_kernelP7block_tS0_
                0x000000000000d84a      0x3ce build/ramps13-2560/RAMPS/Motherboard/StepperAccelPlanner.o
                0x000000000000d84a                _Z27planner_reverse_pass_kernelP7block_tS0_
 .text._Z20planner_reverse_passv
                0x000000000000dc18       0x5e build/ramps13-2560/RAMPS/Motherboard/StepperAccelPlanner.o
                0x000000000000dc18                _Z20planner_reverse_passv
 .text._Z27planner_forward_pass_kernelP7block_tS0_
                0x000000000000dc76      0x3f6 build/ramps13-2560/RAMPS/Motherboard/StepperAccelPlanner.o
                0x000000000000dc76                _Z27planner_forward_pass_kernelP7block_tS0_
 .text._Z20planner_forward_passv
                0x000000000000e06c       0x54 build/ramps13-2560/RAMPS/Motherboard/StepperAccelPlanner.o
                0x000000000000e06c                _Z20planner_forward_passv
 .text._Z30planner_recalculate_trapezoidsv
                0x000000000000e0c0      0x13a build/ramps13-2560/RAMPS/Motherboard/StepperAccelPlanner.o
                0x000000000000e0c0                _Z30planner_recalculate_trapezoidsv
 .text._Z19planner_recalculatev
                0x000000000000e1fa        0xe build/ramps13-2560/RAMPS/Motherboard/StepperAccelPlanner.o
                0x000000000000e1fa                _Z19planner_recalculatev
 .text._Z9plan_initllb
                0x000000000000e208       0xec build/ramps13-2560/RAMPS/Motherboard/StepperAccelPlanner.o
                0x000000000000e208                _Z9plan_initllb
 .text._Z16plan_buffer_linelRKmRKhbh
                0x000000000000e2f4     0x1646 build/ramps13-2560/RAMPS/Motherboard/StepperAccelPlanner.o
                0x000000000000e2f4                _Z16plan_buffer_linelRKmRKhbh
 .text._Z17plan_set_positionRKlS0_S0_S0_S0_
                0x000000000000f93a       0xc4 build/ramps13-2560/RAMPS/Motherboard/StepperAccelPlanner.o
                0x000000000000f93a                _Z17plan_set_positionRKlS0_S0_S0_S0_
 .text.startup._GLOBAL__sub_I_max_acceleration_units_per_sq_second
                0x000000000000f9fe       0x10 build/ramps13-2560/RAMPS/Motherboard/StepperAccelPlanner.o
 .text._Z15stepperAxisInitb
                0x000000000000fa0e      0x56a build/ramps13-2560/RAMPS/Motherboard/StepperAxis.o
                0x000000000000fa0e                _Z15stepperAxisInitb
 .text._Z21stepperAxisStepsPerMMh
                0x000000000000ff78       0x3c build/ramps13-2560/RAMPS/Motherboard/StepperAxis.o
                0x000000000000ff78                _Z21stepperAxisStepsPerMMh
 .text._Z20stepperAxisStepsToMMlh
                0x000000000000ffb4       0x5a build/ramps13-2560/RAMPS/Motherboard/StepperAxis.o
                0x000000000000ffb4                _Z20stepperAxisStepsToMMlh
 .text._Z20stepperAxisMMToStepsfh
                0x000000000001000e       0xc0 build/ramps13-2560/RAMPS/Motherboard/StepperAxis.o
                0x000000000001000e                _Z20stepperAxisMMToStepsfh
 .text.startup._GLOBAL__sub_I_stepperAxisPorts
                0x00000000000100ce       0x10 build/ramps13-2560/RAMPS/Motherboard/StepperAxis.o
 .text._ZN8steppers9isRunningEv
                0x00000000000100de       0x12 build/ramps13-2560/RAMPS/Motherboard/Steppers.o
                0x00000000000100de                _ZN8steppers9isRunningEv
 .text._ZN8steppers20loadToleranceOffsetsEv
                0x00000000000100f0      0x16e build/ramps13-2560/RAMPS/Motherboard/Steppers.o
                0x00000000000100f0                _ZN8steppers20loadToleranceOffsetsEv
 .text._ZN8steppers4initEv
                0x000000000001025e       0x38 build/ramps13-2560/RAMPS/Motherboard/Steppers.o
                0x000000000001025e                _ZN8steppers4initEv
 .text._ZN8steppers13removeOffsetsERK5Point
                0x0000000000010296       0x86 build/ramps13-2560/RAMPS/Motherboard/Steppers.o
                0x0000000000010296                _ZN8steppers13removeOffsetsERK5Point
 .text._ZN8steppers14definePositionERK5Pointb
                0x000000000001031c      0x162 build/ramps13-2560/RAMPS/Motherboard/Steppers.o
                0x000000000001031c                _ZN8steppers14definePositionERK5Pointb
 .text._ZN8steppers18getPlannerPositionEv
                0x000000000001047e      0x17e build/ramps13-2560/RAMPS/Motherboard/Steppers.o
                0x000000000001047e                _ZN8steppers18getPlannerPositionEv
 .text._ZN8steppers18getStepperPositionEPh
                0x00000000000105fc      0x162 build/ramps13-2560/RAMPS/Motherboard/Steppers.o
                0x00000000000105fc                _ZN8steppers18getStepperPositionEPh
 .text._ZN8steppers12setTargetNewERK5Pointllh
                0x000000000001075e      0x2ee build/ramps13-2560/RAMPS/Motherboard/Steppers.o
                0x000000000001075e                _ZN8steppers12setTargetNewERK5Pointllh
 .text._ZN8steppers15setTargetNewExtERK5Pointlhfi
                0x0000000000010a4c      0x484 build/ramps13-2560/RAMPS/Motherboard/Steppers.o
                0x0000000000010a4c                _ZN8steppers15setTargetNewExtERK5Pointlhfi
 .text._ZN8steppers11startHomingEbhm
                0x0000000000010ed0      0x13e build/ramps13-2560/RAMPS/Motherboard/Steppers.o
                0x0000000000010ed0                _ZN8steppers11startHomingEbhm
 .text._ZN8steppers10enableAxisEhb
                0x000000000001100e       0x2c build/ramps13-2560/RAMPS/Motherboard/Steppers.o
                0x000000000001100e                _ZN8steppers10enableAxisEhb
 .text._ZN8steppers10enableAxesEhb
                0x000000000001103a       0x5a build/ramps13-2560/RAMPS/Motherboard/Steppers.o
                0x000000000001103a                _ZN8steppers10enableAxesEhb
 .text._ZN8steppers14allAxesEnabledEv
                0x0000000000011094        0x6 build/ramps13-2560/RAMPS/Motherboard/Steppers.o
                0x0000000000011094                _ZN8steppers14allAxesEnabledEv
 .text._ZN8steppers15setAxisPotValueEhh
                0x000000000001109a        0x2 build/ramps13-2560/RAMPS/Motherboard/Steppers.o
                0x000000000001109a                _ZN8steppers15setAxisPotValueEhh
 .text._ZN8steppers15getAxisPotValueEh
                0x000000000001109c        0x4 build/ramps13-2560/RAMPS/Motherboard/Steppers.o
                0x000000000001109c                _ZN8steppers15getAxisPotValueEh
 .text._ZN8steppers12resetAxisPotEh
                0x00000000000110a0        0x2 build/ramps13-2560/RAMPS/Motherboard/Steppers.o
                0x00000000000110a0                _ZN8steppers12resetAxisPotEh
 .text._ZN8steppers20setSegmentAccelStateEb
                0x00000000000110a2        0x6 build/ramps13-2560/RAMPS/Motherboard/Steppers.o
                0x00000000000110a2                _ZN8steppers20setSegmentAccelStateEb
 .text._ZN8steppers15changeToolIndexEh
                0x00000000000110a8       0x1e build/ramps13-2560/RAMPS/Motherboard/Steppers.o
                0x00000000000110a8                _ZN8steppers15changeToolIndexEh
 .text._ZN8steppers16getEndstopStatusEv
                0x00000000000110c6      0x16a build/ramps13-2560/RAMPS/Motherboard/Steppers.o
                0x00000000000110c6                _ZN8steppers16getEndstopStatusEv
 .text._ZN8steppers13deprimeEnableEb
                0x0000000000011230       0x10 build/ramps13-2560/RAMPS/Motherboard/Steppers.o
                0x0000000000011230                _ZN8steppers13deprimeEnableEb
 .text._ZN8steppers5abortEv
                0x0000000000011240       0x22 build/ramps13-2560/RAMPS/Motherboard/Steppers.o
                0x0000000000011240                _ZN8steppers5abortEv
 .text._ZN8steppers5resetEv
                0x0000000000011262      0x57a build/ramps13-2560/RAMPS/Motherboard/Steppers.o
                0x0000000000011262                _ZN8steppers5resetEv
 .text._ZN8steppers16runSteppersSliceEv
                0x00000000000117dc        0x2 build/ramps13-2560/RAMPS/Motherboard/Steppers.o
                0x00000000000117dc                _ZN8steppers16runSteppersSliceEv
 .text._ZN8steppers18doStepperInterruptEv
                0x00000000000117de       0x6a build/ramps13-2560/RAMPS/Motherboard/Steppers.o
                0x00000000000117de                _ZN8steppers18doStepperInterruptEv
 .text._ZN8steppers19doExtruderInterruptEv
                0x0000000000011848        0x6 build/ramps13-2560/RAMPS/Motherboard/Steppers.o
                0x0000000000011848                _ZN8steppers19doExtruderInterruptEv
 .text.startup._GLOBAL__sub_I__ZN8steppers10alterSpeedE
                0x000000000001184e       0x20 build/ramps13-2560/RAMPS/Motherboard/Steppers.o
 .text._Z8TWI_initb
                0x000000000001186e       0x1e build/ramps13-2560/RAMPS/Motherboard/TWI.o
                0x000000000001186e                _Z8TWI_initb
 .text._Z14TWI_write_datahPhh
                0x000000000001188c       0x8a build/ramps13-2560/RAMPS/Motherboard/TWI.o
                0x000000000001188c                _Z14TWI_write_datahPhh
 .text._ZN7utility9isPlayingEv
                0x0000000000011916        0x6 build/ramps13-2560/RAMPS/Motherboard/UtilityScripts.o
                0x0000000000011916                _ZN7utility9isPlayingEv
 .text._ZN7utility5resetEv
                0x000000000001191c       0x16 build/ramps13-2560/RAMPS/Motherboard/UtilityScripts.o
                0x000000000001191c                _ZN7utility5resetEv
 .text._ZN7utility15playbackHasNextEv
                0x0000000000011932       0x1c build/ramps13-2560/RAMPS/Motherboard/UtilityScripts.o
                0x0000000000011932                _ZN7utility15playbackHasNextEv
 .text._ZN7utility12playbackNextEv
                0x000000000001194e       0x34 build/ramps13-2560/RAMPS/Motherboard/UtilityScripts.o
                0x000000000001194e                _ZN7utility12playbackNextEv
 .text._ZN7utility13startPlaybackEh
                0x0000000000011982       0x3e build/ramps13-2560/RAMPS/Motherboard/UtilityScripts.o
                0x0000000000011982                _ZN7utility13startPlaybackEh
 .text._ZN7utility14finishPlaybackEv
                0x00000000000119c0        0x6 build/ramps13-2560/RAMPS/Motherboard/UtilityScripts.o
                0x00000000000119c0                _ZN7utility14finishPlaybackEv
 .text.startup._GLOBAL__sub_I__ZN7utility10is_playingE
                0x00000000000119c6       0x10 build/ramps13-2560/RAMPS/Motherboard/UtilityScripts.o
 .text._ZN6Cutoff11resetCutoffEv
                0x00000000000119d6       0x9c build/ramps13-2560/RAMPS/Motherboard/boards/ramps13/Cutoff.o
                0x00000000000119d6                _ZN6Cutoff11resetCutoffEv
 .text._ZN6Cutoff7disableEv
                0x0000000000011a72       0x9c build/ramps13-2560/RAMPS/Motherboard/boards/ramps13/Cutoff.o
                0x0000000000011a72                _ZN6Cutoff7disableEv
 .text._ZN6Cutoff4initEv
                0x0000000000011b0e       0xa6 build/ramps13-2560/RAMPS/Motherboard/boards/ramps13/Cutoff.o
                0x0000000000011b0e                _ZN6Cutoff4initEv
 .text.startup._GLOBAL__sub_I__ZN6Cutoff4initEv
                0x0000000000011bb4       0x10 build/ramps13-2560/RAMPS/Motherboard/boards/ramps13/Cutoff.o
 .text._ZN13ExtruderBoardC2Eh3PinS0_hj
                0x0000000000011bc4       0xca build/ramps13-2560/RAMPS/Motherboard/boards/ramps13/ExtruderBoard.o
                0x0000000000011bc4                _ZN13ExtruderBoardC1Eh3PinS0_hj
                0x0000000000011bc4                _ZN13ExtruderBoardC2Eh3PinS0_hj
 .text._ZN13ExtruderBoard7disableEb
                0x0000000000011c8e       0x10 build/ramps13-2560/RAMPS/Motherboard/boards/ramps13/ExtruderBoard.o
                0x0000000000011c8e                _ZN13ExtruderBoard7disableEb
 .text._ZN13ExtruderBoard5resetEv
                0x0000000000011c9e       0x48 build/ramps13-2560/RAMPS/Motherboard/boards/ramps13/ExtruderBoard.o
                0x0000000000011c9e                _ZN13ExtruderBoard5resetEv
 .text._ZN13ExtruderBoard16runExtruderSliceEv
                0x0000000000011ce6       0x2a build/ramps13-2560/RAMPS/Motherboard/boards/ramps13/ExtruderBoard.o
                0x0000000000011ce6                _ZN13ExtruderBoard16runExtruderSliceEv
 .text._ZN13ExtruderBoard6setFanEh
                0x0000000000011d10        0xa build/ramps13-2560/RAMPS/Motherboard/boards/ramps13/ExtruderBoard.o
                0x0000000000011d10                _ZN13ExtruderBoard6setFanEh
 .text._Z9pwmEx2_Onb
                0x0000000000011d1a       0x18 build/ramps13-2560/RAMPS/Motherboard/boards/ramps13/ExtruderBoard.o
                0x0000000000011d1a                _Z9pwmEx2_Onb
 .text._Z9pwmEx1_Onb
                0x0000000000011d32       0x18 build/ramps13-2560/RAMPS/Motherboard/boards/ramps13/ExtruderBoard.o
                0x0000000000011d32                _Z9pwmEx1_Onb
 .text._ZN22ExtruderHeatingElement17setHeatingElementEh
                0x0000000000011d4a       0xbc build/ramps13-2560/RAMPS/Motherboard/boards/ramps13/ExtruderBoard.o
                0x0000000000011d4a                _ZN22ExtruderHeatingElement17setHeatingElementEh
 .text.startup._GLOBAL__sub_I__ZN13ExtruderBoardC2Eh3PinS0_hj
                0x0000000000011e06       0x10 build/ramps13-2560/RAMPS/Motherboard/boards/ramps13/ExtruderBoard.o
 .text._ZN7RGB_LED12setBlinkRateEhhh
                0x0000000000011e16       0x7e build/ramps13-2560/RAMPS/Motherboard/boards/ramps13/RGB_LED.o
                0x0000000000011e16                _ZN7RGB_LED12setBlinkRateEhhh
 .text._ZN7RGB_LED14toggleLEDNoPWMEbh
                0x0000000000011e94       0x42 build/ramps13-2560/RAMPS/Motherboard/boards/ramps13/RGB_LED.o
                0x0000000000011e94                _ZN7RGB_LED14toggleLEDNoPWMEbh
 .text._ZN7RGB_LED13setBrightnessEhhh
                0x0000000000011ed6       0x94 build/ramps13-2560/RAMPS/Motherboard/boards/ramps13/RGB_LED.o
                0x0000000000011ed6                _ZN7RGB_LED13setBrightnessEhhh
 .text._ZN7RGB_LED5clearEv
                0x0000000000011f6a        0xc build/ramps13-2560/RAMPS/Motherboard/boards/ramps13/RGB_LED.o
                0x0000000000011f6a                _ZN7RGB_LED5clearEv
 .text._ZN7RGB_LED13errorSequenceEv
                0x0000000000011f76       0x1a build/ramps13-2560/RAMPS/Motherboard/boards/ramps13/RGB_LED.o
                0x0000000000011f76                _ZN7RGB_LED13errorSequenceEv
 .text._ZN7RGB_LED8setColorEhhhb
                0x0000000000011f90      0x1be build/ramps13-2560/RAMPS/Motherboard/boards/ramps13/RGB_LED.o
                0x0000000000011f90                _ZN7RGB_LED8setColorEhhhb
 .text._ZN7RGB_LED14setCustomColorEhhh
                0x000000000001214e       0x2a build/ramps13-2560/RAMPS/Motherboard/boards/ramps13/RGB_LED.o
                0x000000000001214e                _ZN7RGB_LED14setCustomColorEhhh
 .text._ZN7RGB_LED15setDefaultColorEv
                0x0000000000012178       0xce build/ramps13-2560/RAMPS/Motherboard/boards/ramps13/RGB_LED.o
                0x0000000000012178                _ZN7RGB_LED15setDefaultColorEv
 .text._ZN7RGB_LED4initEv
                0x0000000000012246        0xc build/ramps13-2560/RAMPS/Motherboard/boards/ramps13/RGB_LED.o
                0x0000000000012246                _ZN7RGB_LED4initEv
 .text.startup._GLOBAL__sub_I__ZN7RGB_LED9LEDSelectE
                0x0000000000012252       0x10 build/ramps13-2560/RAMPS/Motherboard/boards/ramps13/RGB_LED.o
 .text._ZN19StandardButtonArray9getButtonERN11ButtonArray10ButtonNameE
                0x0000000000012262       0x16 build/ramps13-2560/RAMPS/Motherboard/boards/ramps13/StandardButtonArray.o
                0x0000000000012262                _ZN19StandardButtonArray9getButtonERN11ButtonArray10ButtonNameE
 .text._ZN19StandardButtonArray16clearButtonPressEv
                0x0000000000012278        0x8 build/ramps13-2560/RAMPS/Motherboard/boards/ramps13/StandardButtonArray.o
                0x0000000000012278                _ZN19StandardButtonArray16clearButtonPressEv
 .text._ZN19StandardButtonArray14setButtonDelayEm
                0x0000000000012280       0x12 build/ramps13-2560/RAMPS/Motherboard/boards/ramps13/StandardButtonArray.o
                0x0000000000012280                _ZN19StandardButtonArray14setButtonDelayEm
 .text._ZN19StandardButtonArray11initColReadEv
                0x0000000000012292       0x1a build/ramps13-2560/RAMPS/Motherboard/boards/ramps13/StandardButtonArray.o
                0x0000000000012292                _ZN19StandardButtonArray11initColReadEv
 .text._ZN19StandardButtonArray11getColValueEv
                0x00000000000122ac       0xa4 build/ramps13-2560/RAMPS/Motherboard/boards/ramps13/StandardButtonArray.o
                0x00000000000122ac                _ZN19StandardButtonArray11getColValueEv
 .text._ZN19StandardButtonArray11initRowReadEv
                0x0000000000012350       0x1a build/ramps13-2560/RAMPS/Motherboard/boards/ramps13/StandardButtonArray.o
                0x0000000000012350                _ZN19StandardButtonArray11initRowReadEv
 .text._ZN19StandardButtonArray11getRowValueEv
                0x000000000001236a       0xa4 build/ramps13-2560/RAMPS/Motherboard/boards/ramps13/StandardButtonArray.o
                0x000000000001236a                _ZN19StandardButtonArray11getRowValueEv
 .text._ZN19StandardButtonArray4getJEv
                0x000000000001240e       0x60 build/ramps13-2560/RAMPS/Motherboard/boards/ramps13/StandardButtonArray.o
                0x000000000001240e                _ZN19StandardButtonArray4getJEv
 .text._ZN19StandardButtonArray15isButtonPressedEN11ButtonArray10ButtonNameE
                0x000000000001246e       0x2e build/ramps13-2560/RAMPS/Motherboard/boards/ramps13/StandardButtonArray.o
                0x000000000001246e                _ZN19StandardButtonArray15isButtonPressedEN11ButtonArray10ButtonNameE
 .text._ZN19StandardButtonArray11scanButtonsEv
                0x000000000001249c       0xdc build/ramps13-2560/RAMPS/Motherboard/boards/ramps13/StandardButtonArray.o
                0x000000000001249c                _ZN19StandardButtonArray11scanButtonsEv
 .text._ZN19StandardButtonArray4initEv
                0x0000000000012578       0x2a build/ramps13-2560/RAMPS/Motherboard/boards/ramps13/StandardButtonArray.o
                0x0000000000012578                _ZN19StandardButtonArray4initEv
 .text.startup._GLOBAL__sub_I__ZN19StandardButtonArray4initEv
                0x00000000000125a2       0x10 build/ramps13-2560/RAMPS/Motherboard/boards/ramps13/StandardButtonArray.o
 .text._ZL20fat_get_next_clusterPK13fat_fs_structm
                0x00000000000125b2      0x304 build/ramps13-2560/RAMPS/Motherboard/lib_sd/fat.o
 .text._ZL17fat_free_clustersP13fat_fs_structm
                0x00000000000128b6      0x3e4 build/ramps13-2560/RAMPS/Motherboard/lib_sd/fat.o
 .text._ZL19fat_append_clustersP13fat_fs_structmm
                0x0000000000012c9a      0x6ac build/ramps13-2560/RAMPS/Motherboard/lib_sd/fat.o
 .text._ZL26fat_clear_cluster_callbackPhyPv
                0x0000000000013346        0x6 build/ramps13-2560/RAMPS/Motherboard/lib_sd/fat.o
 .text._ZL18fat_cluster_offsetPK13fat_fs_structm
                0x000000000001334c      0x152 build/ramps13-2560/RAMPS/Motherboard/lib_sd/fat.o
 .text._ZL27fat_dir_entry_read_callbackPhyPv
                0x000000000001349e      0x2cc build/ramps13-2560/RAMPS/Motherboard/lib_sd/fat.o
 .text._ZL19fat_write_dir_entryPK13fat_fs_structP20fat_dir_entry_struct
                0x000000000001376a      0x3ee build/ramps13-2560/RAMPS/Motherboard/lib_sd/fat.o
 .text._ZL17fat_clear_clusterPK13fat_fs_structm.part.0
                0x0000000000013b58       0x8a build/ramps13-2560/RAMPS/Motherboard/lib_sd/fat.o
 .text._ZL29fat_find_offset_for_dir_entryP13fat_fs_structPK14fat_dir_structPK20fat_dir_entry_struct.isra.1
                0x0000000000013be2      0x516 build/ramps13-2560/RAMPS/Motherboard/lib_sd/fat.o
 .text.fat_open
                0x00000000000140f8      0x7c0 build/ramps13-2560/RAMPS/Motherboard/lib_sd/fat.o
                0x00000000000140f8                fat_open
 .text.fat_close
                0x00000000000148b8        0xc build/ramps13-2560/RAMPS/Motherboard/lib_sd/fat.o
                0x00000000000148b8                fat_close
 .text.fat_open_file
                0x00000000000148c4       0x9c build/ramps13-2560/RAMPS/Motherboard/lib_sd/fat.o
                0x00000000000148c4                fat_open_file
 .text.fat_close_file
                0x0000000000014960       0x2c build/ramps13-2560/RAMPS/Motherboard/lib_sd/fat.o
                0x0000000000014960                fat_close_file
 .text.fat_read_file
                0x000000000001498c      0x5dc build/ramps13-2560/RAMPS/Motherboard/lib_sd/fat.o
                0x000000000001498c                fat_read_file
 .text.fat_write_file
                0x0000000000014f68      0x668 build/ramps13-2560/RAMPS/Motherboard/lib_sd/fat.o
                0x0000000000014f68                fat_write_file
 .text.fat_open_dir
                0x00000000000155d0       0x82 build/ramps13-2560/RAMPS/Motherboard/lib_sd/fat.o
                0x00000000000155d0                fat_open_dir
 .text.fat_close_dir
                0x0000000000015652        0xc build/ramps13-2560/RAMPS/Motherboard/lib_sd/fat.o
                0x0000000000015652                fat_close_dir
 .text.fat_read_dir
                0x000000000001565e      0x376 build/ramps13-2560/RAMPS/Motherboard/lib_sd/fat.o
                0x000000000001565e                fat_read_dir
 .text.fat_get_dir_entry_of_path
                0x00000000000159d4      0x116 build/ramps13-2560/RAMPS/Motherboard/lib_sd/fat.o
                0x00000000000159d4                fat_get_dir_entry_of_path
 .text.fat_reset_dir
                0x0000000000015aea       0x22 build/ramps13-2560/RAMPS/Motherboard/lib_sd/fat.o
                0x0000000000015aea                fat_reset_dir
 .text.fat_create_file
                0x0000000000015b0c       0xd4 build/ramps13-2560/RAMPS/Motherboard/lib_sd/fat.o
                0x0000000000015b0c                fat_create_file
 .text.fat_delete_file
                0x0000000000015be0      0x1a4 build/ramps13-2560/RAMPS/Motherboard/lib_sd/fat.o
                0x0000000000015be0                fat_delete_file
 .text.startup._GLOBAL__sub_I_fat_errno
                0x0000000000015d84       0x10 build/ramps13-2560/RAMPS/Motherboard/lib_sd/fat.o
 .text.partition_open
                0x0000000000015d94      0x1c0 build/ramps13-2560/RAMPS/Motherboard/lib_sd/partition.o
                0x0000000000015d94                partition_open
 .text.partition_close
                0x0000000000015f54       0x10 build/ramps13-2560/RAMPS/Motherboard/lib_sd/partition.o
                0x0000000000015f54                partition_close
 .text.startup._GLOBAL__sub_I_partition_open
                0x0000000000015f64       0x10 build/ramps13-2560/RAMPS/Motherboard/lib_sd/partition.o
 .text._Z7sd_crc7PKhh
                0x0000000000015f74       0x34 build/ramps13-2560/RAMPS/Motherboard/lib_sd/sd_crc.o
                0x0000000000015f74                _Z7sd_crc7PKhh
 .text._Z8sd_crc16PKhj
                0x0000000000015fa8       0x34 build/ramps13-2560/RAMPS/Motherboard/lib_sd/sd_crc.o
                0x0000000000015fa8                _Z8sd_crc16PKhj
 .text._ZL16sd_raw_send_byteh
                0x0000000000015fdc       0x20 build/ramps13-2560/RAMPS/Motherboard/lib_sd/sd_raw.o
 .text._ZL15sd_raw_rec_bytev
                0x0000000000015ffc       0x24 build/ramps13-2560/RAMPS/Motherboard/lib_sd/sd_raw.o
 .text._ZL19sd_raw_send_commandhm
                0x0000000000016020       0xce build/ramps13-2560/RAMPS/Motherboard/lib_sd/sd_raw.o
 .text.sd_raw_available
                0x00000000000160ee       0x38 build/ramps13-2560/RAMPS/Motherboard/lib_sd/sd_raw.o
                0x00000000000160ee                sd_raw_available
 .text.sd_raw_locked
                0x0000000000016126       0x34 build/ramps13-2560/RAMPS/Motherboard/lib_sd/sd_raw.o
                0x0000000000016126                sd_raw_locked
 .text.sd_raw_sync
                0x000000000001615a       0x5a build/ramps13-2560/RAMPS/Motherboard/lib_sd/sd_raw.o
                0x000000000001615a                sd_raw_sync
 .text.sd_raw_read
                0x00000000000161b4      0x386 build/ramps13-2560/RAMPS/Motherboard/lib_sd/sd_raw.o
                0x00000000000161b4                sd_raw_read
 .text.sd_raw_read_interval
                0x000000000001653a      0x17a build/ramps13-2560/RAMPS/Motherboard/lib_sd/sd_raw.o
                0x000000000001653a                sd_raw_read_interval
 .text.sd_raw_init
                0x00000000000166b4      0x264 build/ramps13-2560/RAMPS/Motherboard/lib_sd/sd_raw.o
                0x00000000000166b4                sd_raw_init
 .text.sd_raw_write
                0x0000000000016918      0x3ae build/ramps13-2560/RAMPS/Motherboard/lib_sd/sd_raw.o
                0x0000000000016918                sd_raw_write
 .text.sd_raw_write_interval
                0x0000000000016cc6      0x178 build/ramps13-2560/RAMPS/Motherboard/lib_sd/sd_raw.o
                0x0000000000016cc6                sd_raw_write_interval
 .text.startup._GLOBAL__sub_I_sd_errno
                0x0000000000016e3e       0x10 build/ramps13-2560/RAMPS/Motherboard/lib_sd/sd_raw.o
 .text._Z13initAnalogPinh
                0x0000000000016e4e       0x6e build/ramps13-2560/RAMPS/shared/AnalogPin.o
                0x0000000000016e4e                _Z13initAnalogPinh
 .text._Z15startAnalogReadhPViPVb
                0x0000000000016ebc       0x52 build/ramps13-2560/RAMPS/shared/AnalogPin.o
                0x0000000000016ebc                _Z15startAnalogReadhPViPVb
 .text.__vector_29
                0x0000000000016f0e       0x5e build/ramps13-2560/RAMPS/shared/AnalogPin.o
                0x0000000000016f0e                __vector_29
 .text.startup._GLOBAL__sub_I_PortA
                0x0000000000016f6c       0x92 build/ramps13-2560/RAMPS/shared/AvrPort.o
 .text._ZN10CoolingFan6enableEh
                0x0000000000016ffe       0x10 build/ramps13-2560/RAMPS/shared/CoolingFan.o
                0x0000000000016ffe                _ZN10CoolingFan6enableEh
 .text._ZN10CoolingFan5resetEv
                0x000000000001700e       0x54 build/ramps13-2560/RAMPS/shared/CoolingFan.o
                0x000000000001700e                _ZN10CoolingFan5resetEv
 .text._ZN10CoolingFanC2ER6HeaterjRK3Pin
                0x0000000000017062       0x26 build/ramps13-2560/RAMPS/shared/CoolingFan.o
                0x0000000000017062                _ZN10CoolingFanC1ER6HeaterjRK3Pin
                0x0000000000017062                _ZN10CoolingFanC2ER6HeaterjRK3Pin
 .text._ZN10CoolingFan16manageCoolingFanEv
                0x0000000000017088       0x3a build/ramps13-2560/RAMPS/shared/CoolingFan.o
                0x0000000000017088                _ZN10CoolingFan16manageCoolingFanEv
 .text.startup._GLOBAL__sub_I__ZN10CoolingFanC2ER6HeaterjRK3Pin
                0x00000000000170c2       0x10 build/ramps13-2560/RAMPS/shared/CoolingFan.o
 .text._ZN6eeprom4initEv
                0x00000000000170d2       0x7a build/ramps13-2560/RAMPS/shared/Eeprom.o
                0x00000000000170d2                _ZN6eeprom4initEv
 .text._ZN6eeprom5eraseEv
                0x000000000001714c       0x22 build/ramps13-2560/RAMPS/shared/Eeprom.o
                0x000000000001714c                _ZN6eeprom5eraseEv
 .text._ZN6eeprom12saveToSDFileEPKc
                0x000000000001716e       0x40 build/ramps13-2560/RAMPS/shared/Eeprom.o
                0x000000000001716e                _ZN6eeprom12saveToSDFileEPKc
 .text._ZN6eeprom17restoreFromSDFileEPKc
                0x00000000000171ae       0x40 build/ramps13-2560/RAMPS/shared/Eeprom.o
                0x00000000000171ae                _ZN6eeprom17restoreFromSDFileEPKc
 .text._ZN6eeprom10getEeprom8Ejh
                0x00000000000171ee       0x20 build/ramps13-2560/RAMPS/shared/Eeprom.o
                0x00000000000171ee                _ZN6eeprom10getEeprom8Ejh
 .text._ZN6eeprom11getEeprom16Ejj
                0x000000000001720e       0x2c build/ramps13-2560/RAMPS/shared/Eeprom.o
                0x000000000001720e                _ZN6eeprom11getEeprom16Ejj
 .text._ZN6eeprom11getEeprom32Ejm
                0x000000000001723a       0x50 build/ramps13-2560/RAMPS/shared/Eeprom.o
                0x000000000001723a                _ZN6eeprom11getEeprom32Ejm
 .text._ZN6eeprom16getEepromFixed16Ejf
                0x000000000001728a       0x9e build/ramps13-2560/RAMPS/shared/Eeprom.o
                0x000000000001728a                _ZN6eeprom16getEepromFixed16Ejf
 .text._ZN6eeprom16setEepromFixed16Ejf
                0x0000000000017328       0x74 build/ramps13-2560/RAMPS/shared/Eeprom.o
                0x0000000000017328                _ZN6eeprom16setEepromFixed16Ejf
 .text._ZN6eeprom14getEepromInt64Ejx
                0x000000000001739c       0xb2 build/ramps13-2560/RAMPS/shared/Eeprom.o
                0x000000000001739c                _ZN6eeprom14getEepromInt64Ejx
 .text._ZN6eeprom14setEepromInt64Ejx
                0x000000000001744e       0x4e build/ramps13-2560/RAMPS/shared/Eeprom.o
                0x000000000001744e                _ZN6eeprom14setEepromInt64Ejx
 .text.startup._GLOBAL__sub_I__ZN6eeprom4initEv
                0x000000000001749c       0x10 build/ramps13-2560/RAMPS/shared/Eeprom.o
 .text._ZN6Heater5abortEv
                0x00000000000174ac      0x1e4 build/ramps13-2560/RAMPS/shared/Heater.o
                0x00000000000174ac                _ZN6Heater5abortEv
 .text._ZN6Heater5resetEv
                0x0000000000017690       0x14 build/ramps13-2560/RAMPS/shared/Heater.o
                0x0000000000017690                _ZN6Heater5resetEv
 .text._ZN6HeaterC2ER17TemperatureSensorR14HeatingElementmjbh
                0x00000000000176a4       0x8c build/ramps13-2560/RAMPS/shared/Heater.o
                0x00000000000176a4                _ZN6HeaterC1ER17TemperatureSensorR14HeatingElementmjbh
                0x00000000000176a4                _ZN6HeaterC2ER17TemperatureSensorR14HeatingElementmjbh
 .text._ZN6Heater7disableEb
                0x0000000000017730       0x30 build/ramps13-2560/RAMPS/shared/Heater.o
                0x0000000000017730                _ZN6Heater7disableEb
 .text._ZN6Heater22set_target_temperatureEi
                0x0000000000017760      0x1b2 build/ramps13-2560/RAMPS/shared/Heater.o
                0x0000000000017760                _ZN6Heater22set_target_temperatureEi
 .text._ZN6Heater30has_reached_target_temperatureEv
                0x0000000000017912       0x68 build/ramps13-2560/RAMPS/shared/Heater.o
                0x0000000000017912                _ZN6Heater30has_reached_target_temperatureEv
 .text._ZN6Heater9isHeatingEv
                0x000000000001797a       0x34 build/ramps13-2560/RAMPS/shared/Heater.o
                0x000000000001797a                _ZN6Heater9isHeatingEv
 .text._ZN6Heater9isCoolingEv
                0x00000000000179ae       0x4a build/ramps13-2560/RAMPS/shared/Heater.o
                0x00000000000179ae                _ZN6Heater9isCoolingEv
 .text._ZN6Heater8getDeltaEv
                0x00000000000179f8       0x48 build/ramps13-2560/RAMPS/shared/Heater.o
                0x00000000000179f8                _ZN6Heater8getDeltaEv
 .text._ZN6Heater5PauseEb
                0x0000000000017a40      0x104 build/ramps13-2560/RAMPS/shared/Heater.o
                0x0000000000017a40                _ZN6Heater5PauseEb
 .text._ZN6Heater10set_outputEh
                0x0000000000017b44       0x1a build/ramps13-2560/RAMPS/shared/Heater.o
                0x0000000000017b44                _ZN6Heater10set_outputEh
 .text._ZN6Heater4failEv
                0x0000000000017b5e       0x3e build/ramps13-2560/RAMPS/shared/Heater.o
                0x0000000000017b5e                _ZN6Heater4failEv
 .text._ZN6Heater18manage_temperatureEv
                0x0000000000017b9c      0x24e build/ramps13-2560/RAMPS/shared/Heater.o
                0x0000000000017b9c                _ZN6Heater18manage_temperatureEv
 .text.startup._GLOBAL__sub_I__ZN6HeaterC2ER17TemperatureSensorR14HeatingElementmjbh
                0x0000000000017dea       0x10 build/ramps13-2560/RAMPS/shared/Heater.o
 .text._ZN9interface4initEP14InterfaceBoardP19LiquidCrystalSerial
                0x0000000000017dfa       0x12 build/ramps13-2560/RAMPS/shared/Interface.o
                0x0000000000017dfa                _ZN9interface4initEP14InterfaceBoardP19LiquidCrystalSerial
 .text._ZN9interface10pushScreenEP6Screen
                0x0000000000017e0c       0x10 build/ramps13-2560/RAMPS/shared/Interface.o
                0x0000000000017e0c                _ZN9interface10pushScreenEP6Screen
 .text._ZN9interface9popScreenEv
                0x0000000000017e1c        0xe build/ramps13-2560/RAMPS/shared/Interface.o